###############################################################################
#
# IAR ELF Linker V8.30.1.114/W32 for ARM                  02/Aug/2022  16:32:20
# Copyright 2007-2018 IAR Systems AB.
#
#    Output file  =  
#        C:\Users\Иван\Desktop\Проект
#        МП-ИИ\MP-II_ver2.0\MP-II_ver2.0\EWARM\MP-II_ver2.0\Exe\MP-II_ver2.0.out
#    Map file     =  
#        C:\Users\Иван\Desktop\Проект
#        МП-ИИ\MP-II_ver2.0\MP-II_ver2.0\EWARM\MP-II_ver2.0\List\MP-II_ver2.0.map
#    Command line =  
#        -f C:\Users\3C8A~1\AppData\Local\Temp\EW5924.tmp
#        ("C:\Users\Иван\Desktop\Проект
#        МП-ИИ\MP-II_ver2.0\MP-II_ver2.0\EWARM\MP-II_ver2.0\Obj\api_lib.o"
#        "C:\Users\Иван\Desktop\Проект
#        МП-ИИ\MP-II_ver2.0\MP-II_ver2.0\EWARM\MP-II_ver2.0\Obj\api_msg.o"
#        "C:\Users\Иван\Desktop\Проект
#        МП-ИИ\MP-II_ver2.0\MP-II_ver2.0\EWARM\MP-II_ver2.0\Obj\auth.o"
#        "C:\Users\Иван\Desktop\Проект
#        МП-ИИ\MP-II_ver2.0\MP-II_ver2.0\EWARM\MP-II_ver2.0\Obj\autoip.o"
#        "C:\Users\Иван\Desktop\Проект
#        МП-ИИ\MP-II_ver2.0\MP-II_ver2.0\EWARM\MP-II_ver2.0\Obj\ccp.o"
#        "C:\Users\Иван\Desktop\Проект
#        МП-ИИ\MP-II_ver2.0\MP-II_ver2.0\EWARM\MP-II_ver2.0\Obj\chap-md5.o"
#        "C:\Users\Иван\Desktop\Проект
#        МП-ИИ\MP-II_ver2.0\MP-II_ver2.0\EWARM\MP-II_ver2.0\Obj\chap-new.o"
#        "C:\Users\Иван\Desktop\Проект
#        МП-ИИ\MP-II_ver2.0\MP-II_ver2.0\EWARM\MP-II_ver2.0\Obj\chap_ms.o"
#        "C:\Users\Иван\Desktop\Проект
#        МП-ИИ\MP-II_ver2.0\MP-II_ver2.0\EWARM\MP-II_ver2.0\Obj\def.o"
#        "C:\Users\Иван\Desktop\Проект
#        МП-ИИ\MP-II_ver2.0\MP-II_ver2.0\EWARM\MP-II_ver2.0\Obj\demand.o"
#        "C:\Users\Иван\Desktop\Проект
#        МП-ИИ\MP-II_ver2.0\MP-II_ver2.0\EWARM\MP-II_ver2.0\Obj\dhcp.o"
#        "C:\Users\Иван\Desktop\Проект
#        МП-ИИ\MP-II_ver2.0\MP-II_ver2.0\EWARM\MP-II_ver2.0\Obj\dhcp6.o"
#        "C:\Users\Иван\Desktop\Проект
#        МП-ИИ\MP-II_ver2.0\MP-II_ver2.0\EWARM\MP-II_ver2.0\Obj\dns.o"
#        "C:\Users\Иван\Desktop\Проект
#        МП-ИИ\MP-II_ver2.0\MP-II_ver2.0\EWARM\MP-II_ver2.0\Obj\eap.o"
#        "C:\Users\Иван\Desktop\Проект
#        МП-ИИ\MP-II_ver2.0\MP-II_ver2.0\EWARM\MP-II_ver2.0\Obj\ecp.o"
#        "C:\Users\Иван\Desktop\Проект
#        МП-ИИ\MP-II_ver2.0\MP-II_ver2.0\EWARM\MP-II_ver2.0\Obj\err.o"
#        "C:\Users\Иван\Desktop\Проект
#        МП-ИИ\MP-II_ver2.0\MP-II_ver2.0\EWARM\MP-II_ver2.0\Obj\etharp.o"
#        "C:\Users\Иван\Desktop\Проект
#        МП-ИИ\MP-II_ver2.0\MP-II_ver2.0\EWARM\MP-II_ver2.0\Obj\ethernet.o"
#        "C:\Users\Иван\Desktop\Проект
#        МП-ИИ\MP-II_ver2.0\MP-II_ver2.0\EWARM\MP-II_ver2.0\Obj\ethernetif.o"
#        "C:\Users\Иван\Desktop\Проект
#        МП-ИИ\MP-II_ver2.0\MP-II_ver2.0\EWARM\MP-II_ver2.0\Obj\ethip6.o"
#        "C:\Users\Иван\Desktop\Проект
#        МП-ИИ\MP-II_ver2.0\MP-II_ver2.0\EWARM\MP-II_ver2.0\Obj\eui64.o"
#        "C:\Users\Иван\Desktop\Проект
#        МП-ИИ\MP-II_ver2.0\MP-II_ver2.0\EWARM\MP-II_ver2.0\Obj\fsm.o"
#        "C:\Users\Иван\Desktop\Проект
#        МП-ИИ\MP-II_ver2.0\MP-II_ver2.0\EWARM\MP-II_ver2.0\Obj\icmp.o"
#        "C:\Users\Иван\Desktop\Проект
#        МП-ИИ\MP-II_ver2.0\MP-II_ver2.0\EWARM\MP-II_ver2.0\Obj\icmp6.o"
#        "C:\Users\Иван\Desktop\Проект
#        МП-ИИ\MP-II_ver2.0\MP-II_ver2.0\EWARM\MP-II_ver2.0\Obj\igmp.o"
#        "C:\Users\Иван\Desktop\Проект
#        МП-ИИ\MP-II_ver2.0\MP-II_ver2.0\EWARM\MP-II_ver2.0\Obj\inet6.o"
#        "C:\Users\Иван\Desktop\Проект
#        МП-ИИ\MP-II_ver2.0\MP-II_ver2.0\EWARM\MP-II_ver2.0\Obj\inet_chksum.o"
#        "C:\Users\Иван\Desktop\Проект
#        МП-ИИ\MP-II_ver2.0\MP-II_ver2.0\EWARM\MP-II_ver2.0\Obj\init.o"
#        "C:\Users\Иван\Desktop\Проект
#        МП-ИИ\MP-II_ver2.0\MP-II_ver2.0\EWARM\MP-II_ver2.0\Obj\ip.o"
#        "C:\Users\Иван\Desktop\Проект
#        МП-ИИ\MP-II_ver2.0\MP-II_ver2.0\EWARM\MP-II_ver2.0\Obj\ip4.o"
#        "C:\Users\Иван\Desktop\Проект
#        МП-ИИ\MP-II_ver2.0\MP-II_ver2.0\EWARM\MP-II_ver2.0\Obj\ip4_addr.o"
#        "C:\Users\Иван\Desktop\Проект
#        МП-ИИ\MP-II_ver2.0\MP-II_ver2.0\EWARM\MP-II_ver2.0\Obj\ip4_frag.o"
#        "C:\Users\Иван\Desktop\Проект
#        МП-ИИ\MP-II_ver2.0\MP-II_ver2.0\EWARM\MP-II_ver2.0\Obj\ip6.o"
#        "C:\Users\Иван\Desktop\Проект
#        МП-ИИ\MP-II_ver2.0\MP-II_ver2.0\EWARM\MP-II_ver2.0\Obj\ip6_addr.o"
#        "C:\Users\Иван\Desktop\Проект
#        МП-ИИ\MP-II_ver2.0\MP-II_ver2.0\EWARM\MP-II_ver2.0\Obj\ip6_frag.o"
#        "C:\Users\Иван\Desktop\Проект
#        МП-ИИ\MP-II_ver2.0\MP-II_ver2.0\EWARM\MP-II_ver2.0\Obj\ipcp.o"
#        "C:\Users\Иван\Desktop\Проект
#        МП-ИИ\MP-II_ver2.0\MP-II_ver2.0\EWARM\MP-II_ver2.0\Obj\ipv6cp.o"
#        "C:\Users\Иван\Desktop\Проект
#        МП-ИИ\MP-II_ver2.0\MP-II_ver2.0\EWARM\MP-II_ver2.0\Obj\lcp.o"
#        "C:\Users\Иван\Desktop\Проект
#        МП-ИИ\MP-II_ver2.0\MP-II_ver2.0\EWARM\MP-II_ver2.0\Obj\lowpan6.o"
#        "C:\Users\Иван\Desktop\Проект
#        МП-ИИ\MP-II_ver2.0\MP-II_ver2.0\EWARM\MP-II_ver2.0\Obj\lwip.o"
#        "C:\Users\Иван\Desktop\Проект
#        МП-ИИ\MP-II_ver2.0\MP-II_ver2.0\EWARM\MP-II_ver2.0\Obj\magic.o"
#        "C:\Users\Иван\Desktop\Проект
#        МП-ИИ\MP-II_ver2.0\MP-II_ver2.0\EWARM\MP-II_ver2.0\Obj\main.o"
#        "C:\Users\Иван\Desktop\Проект
#        МП-ИИ\MP-II_ver2.0\MP-II_ver2.0\EWARM\MP-II_ver2.0\Obj\mem.o"
#        "C:\Users\Иван\Desktop\Проект
#        МП-ИИ\MP-II_ver2.0\MP-II_ver2.0\EWARM\MP-II_ver2.0\Obj\memp.o"
#        "C:\Users\Иван\Desktop\Проект
#        МП-ИИ\MP-II_ver2.0\MP-II_ver2.0\EWARM\MP-II_ver2.0\Obj\mld6.o"
#        "C:\Users\Иван\Desktop\Проект
#        МП-ИИ\MP-II_ver2.0\MP-II_ver2.0\EWARM\MP-II_ver2.0\Obj\mppe.o"
#        "C:\Users\Иван\Desktop\Проект
#        МП-ИИ\MP-II_ver2.0\MP-II_ver2.0\EWARM\MP-II_ver2.0\Obj\mqtt.o"
#        "C:\Users\Иван\Desktop\Проект
#        МП-ИИ\MP-II_ver2.0\MP-II_ver2.0\EWARM\MP-II_ver2.0\Obj\multilink.o"
#        "C:\Users\Иван\Desktop\Проект
#        МП-ИИ\MP-II_ver2.0\MP-II_ver2.0\EWARM\MP-II_ver2.0\Obj\nd6.o"
#        "C:\Users\Иван\Desktop\Проект
#        МП-ИИ\MP-II_ver2.0\MP-II_ver2.0\EWARM\MP-II_ver2.0\Obj\netbuf.o"
#        "C:\Users\Иван\Desktop\Проект
#        МП-ИИ\MP-II_ver2.0\MP-II_ver2.0\EWARM\MP-II_ver2.0\Obj\netdb.o"
#        "C:\Users\Иван\Desktop\Проект
#        МП-ИИ\MP-II_ver2.0\MP-II_ver2.0\EWARM\MP-II_ver2.0\Obj\netif.o"
#        "C:\Users\Иван\Desktop\Проект
#        МП-ИИ\MP-II_ver2.0\MP-II_ver2.0\EWARM\MP-II_ver2.0\Obj\netifapi.o"
#        "C:\Users\Иван\Desktop\Проект
#        МП-ИИ\MP-II_ver2.0\MP-II_ver2.0\EWARM\MP-II_ver2.0\Obj\pbuf.o"
#        "C:\Users\Иван\Desktop\Проект
#        МП-ИИ\MP-II_ver2.0\MP-II_ver2.0\EWARM\MP-II_ver2.0\Obj\ppp.o"
#        "C:\Users\Иван\Desktop\Проект
#        МП-ИИ\MP-II_ver2.0\MP-II_ver2.0\EWARM\MP-II_ver2.0\Obj\pppapi.o"
#        "C:\Users\Иван\Desktop\Проект
#        МП-ИИ\MP-II_ver2.0\MP-II_ver2.0\EWARM\MP-II_ver2.0\Obj\pppcrypt.o"
#        "C:\Users\Иван\Desktop\Проект
#        МП-ИИ\MP-II_ver2.0\MP-II_ver2.0\EWARM\MP-II_ver2.0\Obj\pppoe.o"
#        "C:\Users\Иван\Desktop\Проект
#        МП-ИИ\MP-II_ver2.0\MP-II_ver2.0\EWARM\MP-II_ver2.0\Obj\pppol2tp.o"
#        "C:\Users\Иван\Desktop\Проект
#        МП-ИИ\MP-II_ver2.0\MP-II_ver2.0\EWARM\MP-II_ver2.0\Obj\pppos.o"
#        "C:\Users\Иван\Desktop\Проект
#        МП-ИИ\MP-II_ver2.0\MP-II_ver2.0\EWARM\MP-II_ver2.0\Obj\raw.o"
#        "C:\Users\Иван\Desktop\Проект
#        МП-ИИ\MP-II_ver2.0\MP-II_ver2.0\EWARM\MP-II_ver2.0\Obj\slipif.o"
#        "C:\Users\Иван\Desktop\Проект
#        МП-ИИ\MP-II_ver2.0\MP-II_ver2.0\EWARM\MP-II_ver2.0\Obj\sockets.o"
#        "C:\Users\Иван\Desktop\Проект
#        МП-ИИ\MP-II_ver2.0\MP-II_ver2.0\EWARM\MP-II_ver2.0\Obj\startup_stm32f407xx.o"
#        "C:\Users\Иван\Desktop\Проект
#        МП-ИИ\MP-II_ver2.0\MP-II_ver2.0\EWARM\MP-II_ver2.0\Obj\stats.o"
#        "C:\Users\Иван\Desktop\Проект
#        МП-ИИ\MP-II_ver2.0\MP-II_ver2.0\EWARM\MP-II_ver2.0\Obj\stm32f4xx_hal.o"
#        "C:\Users\Иван\Desktop\Проект
#        МП-ИИ\MP-II_ver2.0\MP-II_ver2.0\EWARM\MP-II_ver2.0\Obj\stm32f4xx_hal_cortex.o"
#        "C:\Users\Иван\Desktop\Проект
#        МП-ИИ\MP-II_ver2.0\MP-II_ver2.0\EWARM\MP-II_ver2.0\Obj\stm32f4xx_hal_dma.o"
#        "C:\Users\Иван\Desktop\Проект
#        МП-ИИ\MP-II_ver2.0\MP-II_ver2.0\EWARM\MP-II_ver2.0\Obj\stm32f4xx_hal_dma_ex.o"
#        "C:\Users\Иван\Desktop\Проект
#        МП-ИИ\MP-II_ver2.0\MP-II_ver2.0\EWARM\MP-II_ver2.0\Obj\stm32f4xx_hal_eth.o"
#        "C:\Users\Иван\Desktop\Проект
#        МП-ИИ\MP-II_ver2.0\MP-II_ver2.0\EWARM\MP-II_ver2.0\Obj\stm32f4xx_hal_flash.o"
#        "C:\Users\Иван\Desktop\Проект
#        МП-ИИ\MP-II_ver2.0\MP-II_ver2.0\EWARM\MP-II_ver2.0\Obj\stm32f4xx_hal_flash_ex.o"
#        "C:\Users\Иван\Desktop\Проект
#        МП-ИИ\MP-II_ver2.0\MP-II_ver2.0\EWARM\MP-II_ver2.0\Obj\stm32f4xx_hal_flash_ramfunc.o"
#        "C:\Users\Иван\Desktop\Проект
#        МП-ИИ\MP-II_ver2.0\MP-II_ver2.0\EWARM\MP-II_ver2.0\Obj\stm32f4xx_hal_gpio.o"
#        "C:\Users\Иван\Desktop\Проект
#        МП-ИИ\MP-II_ver2.0\MP-II_ver2.0\EWARM\MP-II_ver2.0\Obj\stm32f4xx_hal_msp.o"
#        "C:\Users\Иван\Desktop\Проект
#        МП-ИИ\MP-II_ver2.0\MP-II_ver2.0\EWARM\MP-II_ver2.0\Obj\stm32f4xx_hal_pwr.o"
#        "C:\Users\Иван\Desktop\Проект
#        МП-ИИ\MP-II_ver2.0\MP-II_ver2.0\EWARM\MP-II_ver2.0\Obj\stm32f4xx_hal_pwr_ex.o"
#        "C:\Users\Иван\Desktop\Проект
#        МП-ИИ\MP-II_ver2.0\MP-II_ver2.0\EWARM\MP-II_ver2.0\Obj\stm32f4xx_hal_rcc.o"
#        "C:\Users\Иван\Desktop\Проект
#        МП-ИИ\MP-II_ver2.0\MP-II_ver2.0\EWARM\MP-II_ver2.0\Obj\stm32f4xx_hal_rcc_ex.o"
#        "C:\Users\Иван\Desktop\Проект
#        МП-ИИ\MP-II_ver2.0\MP-II_ver2.0\EWARM\MP-II_ver2.0\Obj\stm32f4xx_hal_tim.o"
#        "C:\Users\Иван\Desktop\Проект
#        МП-ИИ\MP-II_ver2.0\MP-II_ver2.0\EWARM\MP-II_ver2.0\Obj\stm32f4xx_hal_tim_ex.o"
#        "C:\Users\Иван\Desktop\Проект
#        МП-ИИ\MP-II_ver2.0\MP-II_ver2.0\EWARM\MP-II_ver2.0\Obj\stm32f4xx_it.o"
#        "C:\Users\Иван\Desktop\Проект
#        МП-ИИ\MP-II_ver2.0\MP-II_ver2.0\EWARM\MP-II_ver2.0\Obj\sys.o"
#        "C:\Users\Иван\Desktop\Проект
#        МП-ИИ\MP-II_ver2.0\MP-II_ver2.0\EWARM\MP-II_ver2.0\Obj\system_stm32f4xx.o"
#        "C:\Users\Иван\Desktop\Проект
#        МП-ИИ\MP-II_ver2.0\MP-II_ver2.0\EWARM\MP-II_ver2.0\Obj\tcp.o"
#        "C:\Users\Иван\Desktop\Проект
#        МП-ИИ\MP-II_ver2.0\MP-II_ver2.0\EWARM\MP-II_ver2.0\Obj\tcp_in.o"
#        "C:\Users\Иван\Desktop\Проект
#        МП-ИИ\MP-II_ver2.0\MP-II_ver2.0\EWARM\MP-II_ver2.0\Obj\tcp_out.o"
#        "C:\Users\Иван\Desktop\Проект
#        МП-ИИ\MP-II_ver2.0\MP-II_ver2.0\EWARM\MP-II_ver2.0\Obj\tcpip.o"
#        "C:\Users\Иван\Desktop\Проект
#        МП-ИИ\MP-II_ver2.0\MP-II_ver2.0\EWARM\MP-II_ver2.0\Obj\timeouts.o"
#        "C:\Users\Иван\Desktop\Проект
#        МП-ИИ\MP-II_ver2.0\MP-II_ver2.0\EWARM\MP-II_ver2.0\Obj\udp.o"
#        "C:\Users\Иван\Desktop\Проект
#        МП-ИИ\MP-II_ver2.0\MP-II_ver2.0\EWARM\MP-II_ver2.0\Obj\upap.o"
#        "C:\Users\Иван\Desktop\Проект
#        МП-ИИ\MP-II_ver2.0\MP-II_ver2.0\EWARM\MP-II_ver2.0\Obj\utils.o"
#        "C:\Users\Иван\Desktop\Проект
#        МП-ИИ\MP-II_ver2.0\MP-II_ver2.0\EWARM\MP-II_ver2.0\Obj\vj.o"
#        --redirect _Printf=_PrintfFull --redirect _Scanf=_ScanfFull
#        --no_out_extension -o "C:\Users\Иван\Desktop\Проект
#        МП-ИИ\MP-II_ver2.0\MP-II_ver2.0\EWARM\MP-II_ver2.0\Exe\MP-II_ver2.0.out"
#        --map "C:\Users\Иван\Desktop\Проект
#        МП-ИИ\MP-II_ver2.0\MP-II_ver2.0\EWARM\MP-II_ver2.0\List\MP-II_ver2.0.map"
#        --config "C:\Users\Иван\Desktop\Проект
#        МП-ИИ\MP-II_ver2.0\MP-II_ver2.0\EWARM/stm32f407xx_flash.icf"
#        --semihosting --entry __iar_program_start --vfe --text_out locale)
#
###############################################################################

*******************************************************************************
*** RUNTIME MODEL ATTRIBUTES
***

CppFlavor       = *
__Heap_Handler  = Basic
__SystemLibrary = DLib
__dlib_version  = 6


*******************************************************************************
*** HEAP SELECTION
***

The basic heap was selected because no calls to memory allocation
functions were found in the application outside of system library
functions, and there are calls to deallocation functions in the
application.


*******************************************************************************
*** PLACEMENT SUMMARY
***

"A0":  place at 0x800'0000 { ro section .intvec };
"P1":  place in [from 0x800'0000 to 0x80f'ffff] { ro };
define block CSTACK with size = 1K, alignment = 8 { };
define block HEAP with size = 512, alignment = 8 { };
"P2":  place in [from 0x2000'0000 to 0x2001'ffff] {
          rw, block CSTACK, block HEAP };
initialize by copy { rw };

  Section            Kind         Address    Size  Object
  -------            ----         -------    ----  ------
"A0":                                       0x188
  .intvec            ro code   0x800'0000   0x188  startup_stm32f407xx.o [1]
                             - 0x800'0188   0x188

"P1":                                      0xa2e4
  .text              ro code   0x800'0188  0x15e8  tcp_in.o [1]
  .text              ro code   0x800'1770    0x32  ip4_addr.o [1]
  .text              ro code   0x800'17a2    0x7a  lz77_init_single.o [4]
  .text              ro code   0x800'181c   0xb04  pbuf.o [1]
  .text              ro code   0x800'2320    0x26  def.o [1]
  .text              ro code   0x800'2346    0x3a  zero_init3.o [4]
  .text              ro code   0x800'2380   0xe7c  tcp.o [1]
  .text              ro code   0x800'31fc   0xa58  tcp_out.o [1]
  .text              ro code   0x800'3c54   0x234  memp.o [1]
  .text              ro code   0x800'3e88   0x230  timeouts.o [1]
  .text              ro code   0x800'40b8    0x28  printf.o [2]
  .text              ro code   0x800'40e0   0x5a0  mem.o [1]
  .text              ro code   0x800'4680    0xa6  ABImemcpy.o [4]
  .text              ro code   0x800'4726    0x1e  xencoding_8859_1.o [2]
  .text              ro code   0x800'4744     0x6  ABImemclr4.o [4]
  .text              ro code   0x800'474c   0x3b0  ip4.o [1]
  .text              ro code   0x800'4afc   0x308  ethernetif.o [1]
  .text              ro code   0x800'4e04   0xf7a  xprintffull.o [2]
  .text              ro code   0x800'5d80    0x32  ABImemset48.o [4]
  .text              ro code   0x800'5db4   0x8ec  ip4_frag.o [1]
  .text              ro code   0x800'66a0   0x21c  udp.o [1]
  .text              ro code   0x800'68bc   0x2e8  icmp.o [1]
  .text              ro code   0x800'6ba4   0x1e0  stm32f4xx_hal_gpio.o [1]
  .text              ro code   0x800'6d84   0x69c  stm32f4xx_hal_eth.o [1]
  .text              ro code   0x800'7420     0xc  stm32f4xx_hal.o [1]
  .text              ro code   0x800'742c    0x78  xlocale_c.o [2]
  .text              ro code   0x800'74a4    0x16  strchr.o [4]
  .text              ro code   0x800'74bc    0x40  xfail_s.o [2]
  .text              ro code   0x800'74fc    0x36  strlen.o [4]
  .text              ro code   0x800'7534    0x58  memchr.o [4]
  .text              ro code   0x800'758c     0xa  xmbcurmax.o [2]
  .text              ro code   0x800'7598   0x230  I64DivMod.o [4]
  .text              ro code   0x800'77c8   0x1a2  DblMul.o [3]
  .text              ro code   0x800'796c    0x70  frexp.o [3]
  .text              ro code   0x800'79dc    0x2e  DblCmpLe.o [3]
  .text              ro code   0x800'7a0c    0x2e  DblCmpGe.o [3]
  .text              ro code   0x800'7a3c   0x13a  ldexp.o [3]
  .text              ro code   0x800'7b78    0x3a  DblToS32.o [3]
  .text              ro code   0x800'7bb4    0x22  S32ToDbl.o [3]
  .text              ro code   0x800'7bd8    0xe2  DblSub.o [3]
  .text              ro code   0x800'7cbc   0x246  DblDiv.o [3]
  .text              ro code   0x800'7f04    0x28  DblToU32.o [3]
  .text              ro code   0x800'7f2c    0x1a  U32ToDbl.o [3]
  .text              ro code   0x800'7f48    0x28  stm32f4xx_hal.o [1]
  .text              ro code   0x800'7f70   0x20c  stm32f4xx_hal_rcc.o [1]
  .text              ro code   0x800'817c     0x6  abort.o [2]
  .text              ro code   0x800'8184     0x2  I64DivZer.o [4]
  .text              ro code   0x800'8188   0x16a  DblAdd.o [3]
  .text              ro code   0x800'82f4    0x40  stm32f4xx_hal.o [1]
  .text              ro code   0x800'8334    0x14  exit.o [5]
  .text              ro code   0x800'8348    0xca  stm32f4xx_hal_cortex.o [1]
  .text              ro code   0x800'8414    0x80  iarttio.o [5]
  .text              ro code   0x800'8494    0x3c  XShttio.o [2]
  .text              ro code   0x800'84d0   0x99c  etharp.o [1]
  .text              ro code   0x800'8e6c   0x1e0  ethernet.o [1]
  .text              ro code   0x800'904c    0x68  memcmp.o [4]
  .text              ro code   0x800'90b4   0x2f8  stm32f4xx_hal_rcc.o [1]
  .text              ro code   0x800'93ac   0x228  netif.o [1]
  .text              ro code   0x800'95d4   0x1f4  main.o [1]
  .text              ro code   0x800'97c8    0x34  stm32f4xx_hal.o [1]
  .text              ro code   0x800'97fc    0xc4  lwip.o [1]
  .text              ro code   0x800'98c0    0x94  stm32f4xx_hal_msp.o [1]
  .text              ro code   0x800'9954    0x22  init.o [1]
  .text              ro code   0x800'9978   0x140  heap0.o [2]
  .text              ro code   0x800'9ab8    0x2c  xgetmemchunk.o [2]
  .text              ro code   0x800'9ae4    0xd8  xfspos.o [2]
  .text              ro code   0x800'9bbc    0xac  fflush.o [2]
  .text              ro code   0x800'9c68     0xc  xfgpos.o [2]
  .text              ro code   0x800'9c74    0x4a  lseek.o [5]
  .text              ro code   0x800'9cbe    0x10  write.o [5]
  .text              ro code   0x800'9cd0    0xcc  XShHandles.o [2]
  .text              ro code   0x800'9d9c    0x1e  dwrite.o [5]
  .text              ro code   0x800'9dba    0x20  iarwstd.o [5]
  .text              ro code   0x800'9dda    0x22  iarwrite.o [5]
  .text              ro code   0x800'9dfc    0xb4  xfwprep.o [2]
  .text              ro code   0x800'9eb0    0x24  fseek.o [2]
  .text              ro code   0x800'9ed4    0x8c  xfofind.o [2]
  .text              ro code   0x800'9f60     0x4  heaptramp0.o [2]
  .text              ro code   0x800'9f64    0x7e  fclose.o [2]
  .text              ro code   0x800'9fe2    0x18  close.o [5]
  .text              ro code   0x800'9ffa    0x14  remove.o [5]
  .rodata            const     0x800'a010    0x6c  memp.o [1]
  .text              ro code   0x800'a07c    0x60  system_stm32f4xx.o [1]
  .text              ro code   0x800'a0dc    0x54  fputc.o [2]
  .text              ro code   0x800'a130    0x3c  xcloseall.o [2]
  .text              ro code   0x800'a16c    0x28  data_init.o [4]
  .text              ro code   0x800'a194    0x22  fpinit_M.o [3]
  .iar.init_table    const     0x800'a1b8    0x20  - Linker created -
  .text              ro code   0x800'a1d8    0x1e  stm32f4xx_it.o [1]
  .text              ro code   0x800'a1f8    0x10  stm32f4xx_hal.o [1]
  .text              ro code   0x800'a208    0x1e  cmain.o [4]
  .text              ro code   0x800'a226     0x4  low_level_init.o [2]
  .text              ro code   0x800'a22a     0x4  exit.o [2]
  .text              ro code   0x800'a230     0xe  cexit.o [4]
  .text              ro code   0x800'a23e    0x16  xprout.o [2]
  .text              ro code   0x800'a254     0xc  putchar.o [2]
  .text              ro code   0x800'a260    0x10  startup_stm32f407xx.o [1]
  .text              ro code   0x800'a270     0xc  cstartup_M.o [4]
  .rodata            const     0x800'a27c     0x8  ethernet.o [1]
  .rodata            const     0x800'a284     0x6  xlocale_c.o [2]
  .rodata            const     0x800'a28c     0x4  ip4_addr.o [1]
  .text              ro code   0x800'a290     0x4  startup_stm32f407xx.o [1]
  .text              ro code   0x800'a294     0x4  startup_stm32f407xx.o [1]
  .text              ro code   0x800'a298     0x4  startup_stm32f407xx.o [1]
  .text              ro code   0x800'a29c     0x4  startup_stm32f407xx.o [1]
  .text              ro code   0x800'a2a0     0x4  startup_stm32f407xx.o [1]
  .text              ro code   0x800'a2a4     0x4  startup_stm32f407xx.o [1]
  .text              ro code   0x800'a2a8     0x4  startup_stm32f407xx.o [1]
  .text              ro code   0x800'a2ac     0x4  startup_stm32f407xx.o [1]
  .text              ro code   0x800'a2b0     0x4  startup_stm32f407xx.o [1]
  .text              ro code   0x800'a2b4     0x4  startup_stm32f407xx.o [1]
  .text              ro code   0x800'a2b8     0x4  startup_stm32f407xx.o [1]
  .text              ro code   0x800'a2bc     0x4  startup_stm32f407xx.o [1]
  .text              ro code   0x800'a2c0     0x4  startup_stm32f407xx.o [1]
  .text              ro code   0x800'a2c4     0x4  startup_stm32f407xx.o [1]
  .text              ro code   0x800'a2c8     0x4  startup_stm32f407xx.o [1]
  .text              ro code   0x800'a2cc     0x4  startup_stm32f407xx.o [1]
  .text              ro code   0x800'a2d0     0x4  startup_stm32f407xx.o [1]
  .text              ro code   0x800'a2d4     0x4  startup_stm32f407xx.o [1]
  .text              ro code   0x800'a2d8     0x4  startup_stm32f407xx.o [1]
  .text              ro code   0x800'a2dc     0x4  startup_stm32f407xx.o [1]
  .text              ro code   0x800'a2e0     0x4  startup_stm32f407xx.o [1]
  .text              ro code   0x800'a2e4     0x4  startup_stm32f407xx.o [1]
  .text              ro code   0x800'a2e8     0x4  startup_stm32f407xx.o [1]
  .text              ro code   0x800'a2ec     0x4  startup_stm32f407xx.o [1]
  .text              ro code   0x800'a2f0     0x4  startup_stm32f407xx.o [1]
  .text              ro code   0x800'a2f4     0x4  startup_stm32f407xx.o [1]
  .text              ro code   0x800'a2f8     0x4  startup_stm32f407xx.o [1]
  .text              ro code   0x800'a2fc     0x4  startup_stm32f407xx.o [1]
  .text              ro code   0x800'a300     0x4  startup_stm32f407xx.o [1]
  .text              ro code   0x800'a304     0x4  startup_stm32f407xx.o [1]
  .text              ro code   0x800'a308     0x4  startup_stm32f407xx.o [1]
  .text              ro code   0x800'a30c     0x4  startup_stm32f407xx.o [1]
  .text              ro code   0x800'a310     0x4  startup_stm32f407xx.o [1]
  .text              ro code   0x800'a314     0x4  startup_stm32f407xx.o [1]
  .text              ro code   0x800'a318     0x4  startup_stm32f407xx.o [1]
  .text              ro code   0x800'a31c     0x4  startup_stm32f407xx.o [1]
  .text              ro code   0x800'a320     0x4  startup_stm32f407xx.o [1]
  .text              ro code   0x800'a324     0x4  startup_stm32f407xx.o [1]
  .text              ro code   0x800'a328     0x4  startup_stm32f407xx.o [1]
  .text              ro code   0x800'a32c     0x4  startup_stm32f407xx.o [1]
  .text              ro code   0x800'a330     0x4  startup_stm32f407xx.o [1]
  .text              ro code   0x800'a334     0x4  startup_stm32f407xx.o [1]
  .text              ro code   0x800'a338     0x4  startup_stm32f407xx.o [1]
  .text              ro code   0x800'a33c     0x4  startup_stm32f407xx.o [1]
  .text              ro code   0x800'a340     0x4  startup_stm32f407xx.o [1]
  .text              ro code   0x800'a344     0x4  startup_stm32f407xx.o [1]
  .text              ro code   0x800'a348     0x4  startup_stm32f407xx.o [1]
  .text              ro code   0x800'a34c     0x4  startup_stm32f407xx.o [1]
  .text              ro code   0x800'a350     0x4  startup_stm32f407xx.o [1]
  .text              ro code   0x800'a354     0x4  startup_stm32f407xx.o [1]
  .text              ro code   0x800'a358     0x4  startup_stm32f407xx.o [1]
  .text              ro code   0x800'a35c     0x4  startup_stm32f407xx.o [1]
  .text              ro code   0x800'a360     0x4  startup_stm32f407xx.o [1]
  .text              ro code   0x800'a364     0x4  startup_stm32f407xx.o [1]
  .text              ro code   0x800'a368     0x4  startup_stm32f407xx.o [1]
  .text              ro code   0x800'a36c     0x4  startup_stm32f407xx.o [1]
  .text              ro code   0x800'a370     0x4  startup_stm32f407xx.o [1]
  .text              ro code   0x800'a374     0x4  startup_stm32f407xx.o [1]
  .text              ro code   0x800'a378     0x4  startup_stm32f407xx.o [1]
  .text              ro code   0x800'a37c     0x4  startup_stm32f407xx.o [1]
  .text              ro code   0x800'a380     0x4  startup_stm32f407xx.o [1]
  .text              ro code   0x800'a384     0x4  startup_stm32f407xx.o [1]
  .text              ro code   0x800'a388     0x4  startup_stm32f407xx.o [1]
  .text              ro code   0x800'a38c     0x4  startup_stm32f407xx.o [1]
  .text              ro code   0x800'a390     0x4  startup_stm32f407xx.o [1]
  .text              ro code   0x800'a394     0x4  startup_stm32f407xx.o [1]
  .text              ro code   0x800'a398     0x4  startup_stm32f407xx.o [1]
  .text              ro code   0x800'a39c     0x4  startup_stm32f407xx.o [1]
  .text              ro code   0x800'a3a0     0x4  startup_stm32f407xx.o [1]
  .text              ro code   0x800'a3a4     0x4  startup_stm32f407xx.o [1]
  .text              ro code   0x800'a3a8     0x4  startup_stm32f407xx.o [1]
  .text              ro code   0x800'a3ac     0x4  startup_stm32f407xx.o [1]
  .text              ro code   0x800'a3b0     0x4  startup_stm32f407xx.o [1]
  .text              ro code   0x800'a3b4     0x4  startup_stm32f407xx.o [1]
  .text              ro code   0x800'a3b8     0x4  startup_stm32f407xx.o [1]
  .text              ro code   0x800'a3bc     0x4  startup_stm32f407xx.o [1]
  .text              ro code   0x800'a3c0     0x4  startup_stm32f407xx.o [1]
  .text              ro code   0x800'a3c4     0x4  startup_stm32f407xx.o [1]
  .text              ro code   0x800'a3c8     0x4  startup_stm32f407xx.o [1]
  .text              ro code   0x800'a3cc     0x4  startup_stm32f407xx.o [1]
  .text              ro code   0x800'a3d0     0x4  startup_stm32f407xx.o [1]
  .text              ro code   0x800'a3d4     0x0  cstart_closeall.o [4]
  .rodata            const     0x800'a3d4     0x0  zero_init3.o [4]
  .rodata            const     0x800'a3d4     0x0  lz77_init_single.o [4]
  Initializer bytes  const     0x800'a3d4    0x98  <for P2-1>
                             - 0x800'a46c  0xa2e4

"P2", part 1 of 3:                          0x1b4
  P2-1                        0x2000'0000   0x1b4  <Init block>
    .data            inited   0x2000'0000     0xc  stm32f4xx_hal.o [1]
    .data            inited   0x2000'000c     0x4  system_stm32f4xx.o [1]
    .data            inited   0x2000'0010    0x1c  tcp.o [1]
    .data            inited   0x2000'002c     0x8  udp.o [1]
    .data            inited   0x2000'0034    0x38  xlocale_c.o [2]
    .data            inited   0x2000'006c    0x48  xlocale_c.o [2]
    .data            inited   0x2000'00b4    0x48  xfiles.o [2]
    .data            inited   0x2000'00fc    0x48  xfiles.o [2]
    .data            inited   0x2000'0144    0x48  xfiles.o [2]
    .data            inited   0x2000'018c    0x20  xfiles.o [2]
    .data            inited   0x2000'01ac     0x8  XShttio.o [2]
                            - 0x2000'01b4   0x1b4

"P2", part 2 of 3:                         0x6900
  .bss               zero     0x2000'01b4  0x30e8  ethernetif.o [1]
  .bss               zero     0x2000'329c  0x2604  memp.o [1]
  .bss               zero     0x2000'58a0   0x660  mem.o [1]
  .bss               zero     0x2000'5f00   0x2fc  memp.o [1]
  .bss               zero     0x2000'61fc   0x16c  memp.o [1]
  .bss               zero     0x2000'6368   0x104  memp.o [1]
  .bss               zero     0x2000'646c   0x104  memp.o [1]
  .bss               zero     0x2000'6570    0xf0  etharp.o [1]
  .bss               zero     0x2000'6660    0xe4  memp.o [1]
  .bss               zero     0x2000'6744    0xa4  memp.o [1]
  .bss               zero     0x2000'67e8    0x84  memp.o [1]
  .bss               zero     0x2000'686c    0x80  XShHandles.o [2]
  .bss               zero     0x2000'68ec    0x50  xfiles.o [2]
  .bss               zero     0x2000'693c    0x50  xfiles.o [2]
  .bss               zero     0x2000'698c    0x38  tcp_in.o [1]
  .bss               zero     0x2000'69c4    0x34  memp.o [1]
  .bss               zero     0x2000'69f8    0x30  lwip.o [1]
  .bss               zero     0x2000'6a28    0x18  ip.o [1]
  .bss               zero     0x2000'6a40    0x18  lwip.o [1]
  .bss               zero     0x2000'6a58     0xc  netif.o [1]
  .bss               zero     0x2000'6a64     0x8  ip4_frag.o [1]
  .bss               zero     0x2000'6a6c     0x8  timeouts.o [1]
  .bss               zero     0x2000'6a74     0x8  heap0.o [2]
  .bss               zero     0x2000'6a7c     0x4  memp.o [1]
  .bss               zero     0x2000'6a80     0x4  memp.o [1]
  .bss               zero     0x2000'6a84     0x4  memp.o [1]
  .bss               zero     0x2000'6a88     0x4  memp.o [1]
  .bss               zero     0x2000'6a8c     0x4  memp.o [1]
  .bss               zero     0x2000'6a90     0x4  memp.o [1]
  .bss               zero     0x2000'6a94     0x4  memp.o [1]
  .bss               zero     0x2000'6a98     0x4  memp.o [1]
  .bss               zero     0x2000'6a9c     0x4  memp.o [1]
  .bss               zero     0x2000'6aa0     0x4  timeouts.o [1]
  .bss               zero     0x2000'6aa4     0x4  xfail_s.o [2]
  .bss               zero     0x2000'6aa8     0x4  xgetmemchunk.o [2]
  .bss               zero     0x2000'6aac     0x2  ip4.o [1]
  .bss               zero     0x2000'6aae     0x1  etharp.o [1]
  .bss               zero     0x2000'6aaf     0x1  pbuf.o [1]
  .bss               zero     0x2000'6ab0     0x1  tcp.o [1]
  .bss               zero     0x2000'6ab1     0x1  XShttio.o [2]
                            - 0x2000'6ab2  0x68fe

"P2", part 3 of 3:                          0x600
  CSTACK                      0x2000'6ab8   0x400  <Block>
    CSTACK           uninit   0x2000'6ab8   0x400  <Block tail>
  HEAP                        0x2000'6eb8   0x200  <Block>
    HEAP             uninit   0x2000'6eb8   0x200  <Block tail>
                            - 0x2000'70b8   0x600

Unused ranges:

         From           To      Size
         ----           --      ----
   0x800'a46c   0x80f'ffff  0xf'5b94
  0x2000'6ab4  0x2000'6ab7       0x4
  0x2000'70b8  0x2001'ffff  0x1'8f48


*******************************************************************************
*** INIT TABLE
***

          Address      Size
          -------      ----
Zero (__iar_zero_init3)
    1 destination range, total size 0x68fe:
          0x2000'01b4  0x68fe

Copy/lz77 (__iar_lz77_init_single3)
    1 source range, total size 0x98 (34% of destination):
           0x800'a3d4    0x98
    1 destination range, total size 0x1b4:
          0x2000'0000   0x1b4



*******************************************************************************
*** MODULE SUMMARY
***

    Module                  ro code  ro data  rw data
    ------                  -------  -------  -------
command line/config:
    -------------------------------------------------
    Total:

C:\Users\Иван\Desktop\Проект МП-ИИ\MP-II_ver2.0\MP-II_ver2.0\EWARM\MP-II_ver2.0\Obj: [1]
    def.o                        38
    etharp.o                  2 460               241
    ethernet.o                  480        8
    ethernetif.o                776            12 520
    icmp.o                      744
    init.o                       34
    ip.o                                           24
    ip4.o                       944                 2
    ip4_addr.o                   50        4
    ip4_frag.o                2 284                 8
    lwip.o                      196                72
    main.o                      500
    mem.o                     1 440             1 632
    memp.o                      564      108   11 992
    netif.o                     552                12
    pbuf.o                    2 820                 1
    startup_stm32f407xx.o       732
    stm32f4xx_hal.o             184        4       12
    stm32f4xx_hal_cortex.o      202
    stm32f4xx_hal_eth.o       1 692
    stm32f4xx_hal_gpio.o        480
    stm32f4xx_hal_msp.o         148
    stm32f4xx_hal_rcc.o       1 284
    stm32f4xx_it.o               30
    system_stm32f4xx.o           96        1        4
    tcp.o                     3 708       10       29
    tcp_in.o                  5 608                56
    tcp_out.o                 2 648
    timeouts.o                  560                12
    udp.o                       540        3        8
    -------------------------------------------------
    Total:                   31 794      138   26 625

dl7M_tlf.a: [2]
    XShHandles.o                204               128
    XShttio.o                    60        3        9
    abort.o                       6
    exit.o                        4
    fclose.o                    126
    fflush.o                    172
    fputc.o                      84
    fseek.o                      36
    heap0.o                     320                 8
    heaptramp0.o                  4
    low_level_init.o              4
    printf.o                     40
    putchar.o                    12
    xcloseall.o                  60
    xencoding_8859_1.o           30
    xfail_s.o                    64                 4
    xfgpos.o                     12
    xfiles.o                              87      408
    xfofind.o                   140
    xfspos.o                    216
    xfwprep.o                   180
    xgetmemchunk.o               44                 4
    xlocale_c.o                 120       50      128
    xmbcurmax.o                  10
    xprintffull.o             3 962
    xprout.o                     22
    -------------------------------------------------
    Total:                    5 932      140      689

m7M_tls.a: [3]
    DblAdd.o                    362
    DblCmpGe.o                   46
    DblCmpLe.o                   46
    DblDiv.o                    582
    DblMul.o                    418
    DblSub.o                    226
    DblToS32.o                   58
    DblToU32.o                   40
    S32ToDbl.o                   34
    U32ToDbl.o                   26
    fpinit_M.o                   34
    frexp.o                     112
    ldexp.o                     314
    -------------------------------------------------
    Total:                    2 298

rt7M_tl.a: [4]
    ABImemclr4.o                  6
    ABImemcpy.o                 166
    ABImemset48.o                50
    I64DivMod.o                 560
    I64DivZer.o                   2
    cexit.o                      14
    cmain.o                      30
    cstart_closeall.o
    cstartup_M.o                 12
    data_init.o                  40
    lz77_init_single.o          122
    memchr.o                     88
    memcmp.o                    104
    strchr.o                     22
    strlen.o                     54
    zero_init3.o                 58
    -------------------------------------------------
    Total:                    1 328

shb_l.a: [5]
    close.o                      24
    dwrite.o                     30
    exit.o                       20
    iarttio.o                   128
    iarwrite.o                   34
    iarwstd.o                    32
    lseek.o                      74
    remove.o                     20
    write.o                      16
    -------------------------------------------------
    Total:                      378

    Gaps                         46        6
    Linker created                        32    1 536
-----------------------------------------------------
    Grand Total:             41 776      316   28 850


*******************************************************************************
*** ENTRY LIST
***

Entry                       Address    Size  Type      Object
-----                       -------    ----  ----      ------
.iar.init_table$$Base    0x800'a1b8           --   Gb  - Linker created -
.iar.init_table$$Limit   0x800'a1d8           --   Gb  - Linker created -
?main                    0x800'a209          Code  Gb  cmain.o [4]
AHBPrescTable            0x800'a0cc    0x10  Data  Gb  system_stm32f4xx.o [1]
Aldata                  0x2000'6a74     0x8  Data  Lc  heap0.o [2]
BusFault_Handler         0x800'a1df     0x2  Code  Gb  stm32f4xx_it.o [1]
CSTACK$$Base            0x2000'6ab8           --   Gb  - Linker created -
CSTACK$$Limit           0x2000'6eb8           --   Gb  - Linker created -
CacheMore                0x800'7431    0x24  Code  Lc  xlocale_c.o [2]
DMARxDscrTab            0x2000'01fc    0x80  Data  Gb  ethernetif.o [1]
DMATxDscrTab            0x2000'027c    0x80  Data  Gb  ethernetif.o [1]
DebugMon_Handler         0x800'a1e5     0x2  Code  Gb  stm32f4xx_it.o [1]
ETH_Delay                0x800'73bd    0x24  Code  Lc  stm32f4xx_hal_eth.o [1]
ETH_FlushTransmitFIFO    0x800'7399    0x24  Code  Lc  stm32f4xx_hal_eth.o [1]
ETH_MACDMAConfig         0x800'72a7    0xec  Code  Lc  stm32f4xx_hal_eth.o [1]
GATEWAY_ADDRESS         0x2000'6a48     0x4  Data  Gb  lwip.o [1]
HAL_Delay                0x800'7f49    0x28  Code  Wk  stm32f4xx_hal.o [1]
HAL_ETH_DMARxDescListInit
                         0x800'6fc5    0x88  Code  Gb  stm32f4xx_hal_eth.o [1]
HAL_ETH_DMATxDescListInit
                         0x800'6f4b    0x7a  Code  Gb  stm32f4xx_hal_eth.o [1]
HAL_ETH_Init             0x800'6d85   0x1a6  Code  Gb  stm32f4xx_hal_eth.o [1]
HAL_ETH_MspInit          0x800'4afd    0xaa  Code  Gb  ethernetif.o [1]
HAL_ETH_ReadPHYRegister
                         0x800'7137    0x78  Code  Gb  stm32f4xx_hal_eth.o [1]
HAL_ETH_Start            0x800'721d    0x5e  Code  Gb  stm32f4xx_hal_eth.o [1]
HAL_ETH_TransmitFrame    0x800'704d    0xea  Code  Gb  stm32f4xx_hal_eth.o [1]
HAL_ETH_WritePHYRegister
                         0x800'71af    0x66  Code  Gb  stm32f4xx_hal_eth.o [1]
HAL_GPIO_Init            0x800'6ba5   0x1a4  Code  Gb  stm32f4xx_hal_gpio.o [1]
HAL_GPIO_TogglePin       0x800'6d51     0x8  Code  Gb  stm32f4xx_hal_gpio.o [1]
HAL_GPIO_WritePin        0x800'6d49     0x8  Code  Gb  stm32f4xx_hal_gpio.o [1]
HAL_GetTick              0x800'7421     0xc  Code  Wk  stm32f4xx_hal.o [1]
HAL_IncTick              0x800'a1f9    0x10  Code  Wk  stm32f4xx_hal.o [1]
HAL_Init                 0x800'97c9    0x30  Code  Gb  stm32f4xx_hal.o [1]
HAL_InitTick             0x800'82f5    0x40  Code  Wk  stm32f4xx_hal.o [1]
HAL_MspInit              0x800'98c1    0x94  Code  Gb  stm32f4xx_hal_msp.o [1]
HAL_NVIC_SetPriority     0x800'837d    0x3a  Code  Gb  stm32f4xx_hal_cortex.o [1]
HAL_NVIC_SetPriorityGrouping
                         0x800'8363    0x1a  Code  Gb  stm32f4xx_hal_cortex.o [1]
HAL_RCC_ClockConfig      0x800'7f71    0xfe  Code  Gb  stm32f4xx_hal_rcc.o [1]
HAL_RCC_GetHCLKFreq      0x800'80fb     0x6  Code  Gb  stm32f4xx_hal_rcc.o [1]
HAL_RCC_MCOConfig        0x800'807b    0x6c  Code  Gb  stm32f4xx_hal_rcc.o [1]
HAL_RCC_OscConfig        0x800'90b5   0x2f8  Code  Wk  stm32f4xx_hal_rcc.o [1]
HAL_SYSTICK_CLKSourceConfig
                         0x800'83df    0x1a  Code  Gb  stm32f4xx_hal_cortex.o [1]
HAL_SYSTICK_Config       0x800'83b7    0x28  Code  Gb  stm32f4xx_hal_cortex.o [1]
HAL_SYSTICK_IRQHandler   0x800'840d     0x4  Code  Gb  stm32f4xx_hal_cortex.o [1]
HEAP$$Base              0x2000'6eb8           --   Gb  - Linker created -
HEAP$$Limit             0x2000'70b8           --   Gb  - Linker created -
HardFault_Handler        0x800'a1db     0x2  Code  Gb  stm32f4xx_it.o [1]
IP_ADDRESS              0x2000'6a40     0x4  Data  Gb  lwip.o [1]
LoadInt                  0x800'4fc7    0x7a  Code  Lc  xprintffull.o [2]
MX_GPIO_Init             0x800'96b1    0xf0  Code  Lc  main.o [1]
MX_LWIP_Init             0x800'97fd    0xb4  Code  Gb  lwip.o [1]
MemManage_Handler        0x800'a1dd     0x2  Code  Gb  stm32f4xx_it.o [1]
NETMASK_ADDRESS         0x2000'6a44     0x4  Data  Gb  lwip.o [1]
NMI_Handler              0x800'a1d9     0x2  Code  Gb  stm32f4xx_it.o [1]
NVIC_SetPriority         0x800'8349    0x1a  Code  Lc  stm32f4xx_hal_cortex.o [1]
PendSV_Handler           0x800'a1e7     0x2  Code  Gb  stm32f4xx_it.o [1]
Region$$Table$$Base      0x800'a1b8           --   Gb  - Linker created -
Region$$Table$$Limit     0x800'a1d8           --   Gb  - Linker created -
Rx_Buff                 0x2000'02fc  0x17d0  Data  Gb  ethernetif.o [1]
SVC_Handler              0x800'a1e3     0x2  Code  Gb  stm32f4xx_it.o [1]
SysTick_Handler          0x800'a1e9     0xe  Code  Gb  stm32f4xx_it.o [1]
SystemClock_Config       0x800'95fb    0xb6  Code  Gb  main.o [1]
SystemCoreClock         0x2000'000c     0x4  Data  Gb  system_stm32f4xx.o [1]
SystemInit               0x800'a07d    0x3a  Code  Gb  system_stm32f4xx.o [1]
Tx_Buff                 0x2000'1acc  0x17d0  Data  Gb  ethernetif.o [1]
UsageFault_Handler       0x800'a1e1     0x2  Code  Gb  stm32f4xx_it.o [1]
_Close_all               0x800'a131    0x3c  Code  Gb  xcloseall.o [2]
_Encoding_8859_1_Mbrlen
                         0x800'4739     0x2  Code  Gb  xencoding_8859_1.o [2]
_Encoding_8859_1_Wctomb
                         0x800'4727    0x12  Code  Gb  xencoding_8859_1.o [2]
_Files                  0x2000'018c    0x20  Data  Gb  xfiles.o [2]
_Fofree                  0x800'9ed5    0x86  Code  Gb  xfofind.o [2]
_Fspos                   0x800'9ae5    0xd8  Code  Gb  xfspos.o [2]
_Fwprep                  0x800'9dfd    0xb4  Code  Gb  xfwprep.o [2]
_GenldFull               0x800'5a59   0x274  Code  Lc  xprintffull.o [2]
_LdtobFull               0x800'562d   0x400  Code  Lc  xprintffull.o [2]
_LitobFull               0x800'54d5   0x112  Code  Lc  xprintffull.o [2]
_Locale_lconv           0x2000'0034    0x38  Data  Lc  xlocale_c.o [2]
_Nnl                     0x800'9c69     0xc  Code  Gb  xfgpos.o [2]
_PrintfFull              0x800'4e05   0x1aa  Code  Gb  xprintffull.o [2]
_Prout                   0x800'a23f    0x16  Code  Gb  xprout.o [2]
_PutcharsFull            0x800'5ccd    0x2e  Code  Lc  xprintffull.o [2]
_PutfldFull              0x800'5041   0x2d8  Code  Lc  xprintffull.o [2]
_PutstrFull              0x800'540f    0xc6  Code  Lc  xprintffull.o [2]
_PuttxtFull              0x800'5319    0xf6  Code  Lc  xprintffull.o [2]
__aeabi_cdcmple          0x800'79dd          Code  Gb  DblCmpLe.o [3]
__aeabi_cdrcmple         0x800'7a0d          Code  Gb  DblCmpGe.o [3]
__aeabi_d2iz             0x800'7b79          Code  Gb  DblToS32.o [3]
__aeabi_d2uiz            0x800'7f05          Code  Gb  DblToU32.o [3]
__aeabi_ddiv             0x800'7cbd          Code  Gb  DblDiv.o [3]
__aeabi_dmul             0x800'77c9          Code  Gb  DblMul.o [3]
__aeabi_dsub             0x800'7bd9          Code  Gb  DblSub.o [3]
__aeabi_i2d              0x800'7bb5          Code  Gb  S32ToDbl.o [3]
__aeabi_ldiv0            0x800'8185          Code  Gb  I64DivZer.o [4]
__aeabi_memclr4          0x800'4745          Code  Gb  ABImemclr4.o [4]
__aeabi_memcpy           0x800'4681          Code  Gb  ABImemcpy.o [4]
__aeabi_memcpy4          0x800'46a1          Code  Gb  ABImemcpy.o [4]
__aeabi_memcpy8          0x800'46a1          Code  Gb  ABImemcpy.o [4]
__aeabi_ui2d             0x800'7f2d          Code  Gb  U32ToDbl.o [3]
__aeabi_uldivmod         0x800'7599          Code  Gb  I64DivMod.o [4]
__basic_free             0x800'9a25    0x16  Code  Gb  heap0.o [2]
__basic_free_intern      0x800'9a3b    0x7a  Code  Lc  heap0.o [2]
__basic_malloc           0x800'9979    0x18  Code  Gb  heap0.o [2]
__basic_malloc_intern    0x800'9991    0x94  Code  Lc  heap0.o [2]
__cexit_closeall         0x800'a233          Code  Gb  cexit.o [4]
__close                  0x800'9fe3    0x18  Code  Gb  close.o [5]
__cmain                  0x800'a209          Code  Gb  cmain.o [4]
__cstart_closeall        0x800'a3d4          Data  Gb  cstart_closeall.o [4]
__data_GetMemChunk       0x800'9ab9    0x2c  Code  Gb  xgetmemchunk.o [2]
__data_GetMemChunk::start
                        0x2000'6aa8     0x4  Data  Lc  xgetmemchunk.o [2]
__dwrite                 0x800'9d9d    0x1e  Code  Gb  dwrite.o [5]
__exit                   0x800'8335    0x14  Code  Gb  exit.o [5]
__iar_Fail_s             0x800'74bd    0x1c  Code  Gb  xfail_s.o [2]
__iar_Mbcurmax           0x800'758d     0xa  Code  Gb  xmbcurmax.o [2]
__iar_Memchr             0x800'7535          Code  Gb  memchr.o [4]
__iar_Memset4_word       0x800'5d81          Code  Gb  ABImemset48.o [4]
__iar_Memset8_word       0x800'5d81          Code  Gb  ABImemset48.o [4]
__iar_Stderr            0x2000'0144    0x48  Data  Gb  xfiles.o [2]
__iar_Stdin             0x2000'00b4    0x48  Data  Gb  xfiles.o [2]
__iar_Stdout            0x2000'00fc    0x48  Data  Gb  xfiles.o [2]
__iar_Strchr             0x800'74a5          Code  Gb  strchr.o [4]
__iar_close_ttio         0x800'8415    0x2e  Code  Gb  iarttio.o [5]
__iar_dadd               0x800'7be9          Code  Gb  DblSub.o [3]
__iar_data_init3         0x800'a16d    0x28  Code  Gb  data_init.o [4]
__iar_dsub               0x800'8189          Code  Gb  DblAdd.o [3]
__iar_dsubStart          0x800'819b          Code  Gb  DblAdd.o [3]
__iar_frexp              0x800'7979          Code  Gb  frexp.o [3]
__iar_frexpl             0x800'7979          Code  Gb  frexp.o [3]
__iar_get_ttio           0x800'8445    0x4c  Code  Gb  iarttio.o [5]
__iar_globLocale        0x2000'006c    0x48  Data  Lc  xlocale_c.o [2]
__iar_global_Locale      0x800'742d     0x4  Code  Gb  xlocale_c.o [2]
__iar_init_vfp           0x800'a195          Code  Gb  fpinit_M.o [3]
__iar_ldexp64            0x800'7a3d          Code  Gb  ldexp.o [3]
__iar_lookup_ttioh       0x800'84c3     0x4  Code  Gb  XShttio.o [2]
__iar_lz77_init_single3
                         0x800'17a3    0x7a  Code  Gb  lz77_init_single.o [4]
__iar_program_start      0x800'a271          Code  Gb  cstartup_M.o [4]
__iar_scalbln64          0x800'7a3d          Code  Gb  ldexp.o [3]
__iar_scalbn64           0x800'7a3d          Code  Gb  ldexp.o [3]
__iar_sh_Discard         0x800'9cd1    0x42  Code  Gb  XShHandles.o [2]
__iar_sh_Move            0x800'9d13    0x46  Code  Gb  XShHandles.o [2]
__iar_sh_Pos             0x800'9d59    0x3e  Code  Gb  XShHandles.o [2]
__iar_sh_stdout          0x800'9dbb    0x20  Code  Gb  iarwstd.o [5]
__iar_sh_write           0x800'9ddb    0x22  Code  Gb  iarwrite.o [5]
__iar_softfp___iar_frexp64
                         0x800'796d          Code  Gb  frexp.o [3]
__iar_softfp_frexp       0x800'796d          Code  Gb  frexp.o [3]
__iar_softfp_frexpl      0x800'796d          Code  Gb  frexp.o [3]
__iar_ttio_guard_lock    0x800'8495    0x1e  Code  Gb  XShttio.o [2]
__iar_ttio_guard_unlock
                         0x800'84b3    0x10  Code  Gb  XShttio.o [2]
__iar_ttio_handles      0x2000'01ac     0x8  Data  Lc  XShttio.o [2]
__iar_zero_init3         0x800'2347    0x3a  Code  Gb  zero_init3.o [4]
__low_level_init         0x800'a227     0x4  Code  Gb  low_level_init.o [2]
__lseek                  0x800'9c75    0x4a  Code  Gb  lseek.o [5]
__vector_table           0x800'0000          Data  Gb  startup_stm32f407xx.o [1]
__write                  0x800'9cbf    0x10  Code  Gb  write.o [5]
_call_main               0x800'a215          Code  Gb  cmain.o [4]
_exit                    0x800'a231          Code  Gb  cexit.o [4]
_gLocale_mblen           0x800'7491     0x4  Code  Gb  xlocale_c.o [2]
_gLocale_mblenInt        0x800'7455    0x2c  Code  Gb  xlocale_c.o [2]
_gLocale_wctomb          0x800'7495     0x4  Code  Gb  xlocale_c.o [2]
_gLocale_wctombInt       0x800'748d     0x4  Code  Gb  xlocale_c.o [2]
_main                    0x800'a223          Code  Gb  cmain.o [4]
abort                    0x800'817d     0x6  Code  Gb  abort.o [2]
ackno                   0x2000'69b8     0x4  Data  Lc  tcp_in.o [1]
arp_table               0x2000'6570    0xf0  Data  Lc  etharp.o [1]
cyclic_timer             0x800'3ed5    0x14  Code  Lc  timeouts.o [1]
do_memp_free_pool        0x800'3cf9    0x28  Code  Lc  memp.o [1]
do_memp_malloc_pool      0x800'3c99    0x2e  Code  Lc  memp.o [1]
ebuf                    0x2000'68ec    0x50  Data  Lc  xfiles.o [2]
etharp_cached_entry     0x2000'6aae     0x1  Data  Lc  etharp.o [1]
etharp_cleanup_netif     0x800'8733    0x28  Code  Gb  etharp.o [1]
etharp_find_entry        0x800'854b   0x14e  Code  Lc  etharp.o [1]
etharp_free_entry        0x800'84d1    0x20  Code  Lc  etharp.o [1]
etharp_input             0x800'875b    0xa2  Code  Gb  etharp.o [1]
etharp_output            0x800'8877   0x12e  Code  Gb  etharp.o [1]
etharp_output_to_arp_index
                         0x800'87fd    0x6e  Code  Lc  etharp.o [1]
etharp_query             0x800'89b1   0x13a  Code  Gb  etharp.o [1]
etharp_raw               0x800'8aed    0xcc  Code  Lc  etharp.o [1]
etharp_request           0x800'8bdb     0x4  Code  Gb  etharp.o [1]
etharp_request_dst       0x800'8bb9    0x22  Code  Lc  etharp.o [1]
etharp_tmr               0x800'84f1    0x5a  Code  Gb  etharp.o [1]
etharp_update_arp_entry
                         0x800'86a1    0x92  Code  Lc  etharp.o [1]
ethbroadcast             0x800'9044     0x8  Data  Gb  ethernet.o [1]
ethernet_input           0x800'8e6d    0x90  Code  Gb  ethernet.o [1]
ethernet_output          0x800'8efd    0x6a  Code  Gb  ethernet.o [1]
ethernetif_init          0x800'4d15    0x38  Code  Gb  ethernetif.o [1]
ethzero                  0x800'a27c     0x8  Data  Gb  ethernet.o [1]
exit                     0x800'a22b     0x4  Code  Gb  exit.o [2]
fclose                   0x800'9f65    0x7e  Code  Gb  fclose.o [2]
fflush                   0x800'9c31    0x34  Code  Gb  fflush.o [2]
fflushOne                0x800'9bbd    0x74  Code  Lc  fflush.o [2]
flags                   0x2000'698c     0x1  Data  Lc  tcp_in.o [1]
fputc                    0x800'a0dd    0x54  Code  Gb  fputc.o [2]
free                     0x800'9f61     0x4  Code  Gb  heaptramp0.o [2]
fseek                    0x800'9eb1    0x24  Code  Gb  fseek.o [2]
gnetif                  0x2000'69f8    0x30  Data  Gb  lwip.o [1]
gw                      0x2000'6a54     0x4  Data  Gb  lwip.o [1]
heth                    0x2000'01b4    0x48  Data  Gb  ethernetif.o [1]
icmp_dest_unreach        0x800'69d9     0x6  Code  Gb  icmp.o [1]
icmp_input               0x800'68bd   0x116  Code  Gb  icmp.o [1]
icmp_send_response       0x800'69e5    0x7e  Code  Lc  icmp.o [1]
icmp_time_exceeded       0x800'69e1     0x4  Code  Gb  icmp.o [1]
inseg                   0x2000'6990    0x10  Data  Lc  tcp_in.o [1]
ip4_addr_isbroadcast_u32
                         0x800'1771    0x32  Code  Gb  ip4_addr.o [1]
ip4_frag                 0x800'62cd   0x1a0  Code  Gb  ip4_frag.o [1]
ip4_input                0x800'479f   0x176  Code  Gb  ip4.o [1]
ip4_output_if            0x800'4915    0x26  Code  Gb  ip4.o [1]
ip4_output_if_src        0x800'493d    0xca  Code  Gb  ip4.o [1]
ip4_reass                0x800'6101   0x16e  Code  Gb  ip4_frag.o [1]
ip4_route                0x800'474d    0x52  Code  Gb  ip4.o [1]
ip_addr_any              0x800'a28c     0x4  Data  Gb  ip4_addr.o [1]
ip_data                 0x2000'6a28    0x18  Data  Gb  ip.o [1]
ip_frag_free_pbuf_custom_ref
                         0x800'6279    0x26  Code  Lc  ip4_frag.o [1]
ip_id                   0x2000'6aac     0x2  Data  Lc  ip4.o [1]
ip_reass_chain_frag_into_datagram_and_validate
                         0x800'5fa9   0x158  Code  Lc  ip4_frag.o [1]
ip_reass_dequeue_datagram
                         0x800'5f6d    0x3c  Code  Lc  ip4_frag.o [1]
ip_reass_enqueue_new_datagram
                         0x800'5f23    0x4a  Code  Lc  ip4_frag.o [1]
ip_reass_free_complete_datagram
                         0x800'5de1    0xd0  Code  Lc  ip4_frag.o [1]
ip_reass_pbufcount      0x2000'6a64     0x2  Data  Lc  ip4_frag.o [1]
ip_reass_remove_oldest_datagram
                         0x800'5ebb    0x68  Code  Lc  ip4_frag.o [1]
ip_reass_tmr             0x800'5db5    0x2c  Code  Gb  ip4_frag.o [1]
ipaddr                  0x2000'6a4c     0x4  Data  Gb  lwip.o [1]
ipfrag_free_pbuf_custom
                         0x800'62a1    0x2a  Code  Lc  ip4_frag.o [1]
ldexp                    0x800'7a3d          Code  Gb  ldexp.o [3]
ldexpl                   0x800'7a3d          Code  Gb  ldexp.o [3]
lfree                   0x2000'58a8     0x4  Data  Lc  mem.o [1]
localeconv               0x800'7499     0x4  Code  Gb  xlocale_c.o [2]
low_level_init           0x800'4ba7    0xc2  Code  Lc  ethernetif.o [1]
low_level_output         0x800'4c73    0xa0  Code  Lc  ethernetif.o [1]
lwip_cyclic_timers       0x800'40a0    0x18  Data  Gb  timeouts.o [1]
lwip_htonl               0x800'232d    0x1a  Code  Gb  def.o [1]
lwip_htons               0x800'2321     0xc  Code  Gb  def.o [1]
lwip_init                0x800'9955    0x22  Code  Gb  init.o [1]
main                     0x800'95d5    0x26  Code  Gb  main.o [1]
mem_free                 0x800'41c1    0x7e  Code  Gb  mem.o [1]
mem_init                 0x800'4193    0x2c  Code  Gb  mem.o [1]
mem_malloc               0x800'4331   0x100  Code  Gb  mem.o [1]
mem_trim                 0x800'4241    0xee  Code  Gb  mem.o [1]
memchr                   0x800'7535          Code  Gb  memchr.o [4]
memcmp                   0x800'904d          Code  Gb  memcmp.o [4]
memp_FRAG_PBUF           0x800'a04c     0xc  Data  Gb  memp.o [1]
memp_PBUF                0x800'a064     0xc  Data  Gb  memp.o [1]
memp_PBUF_POOL           0x800'a070     0xc  Data  Gb  memp.o [1]
memp_REASSDATA           0x800'a040     0xc  Data  Gb  memp.o [1]
memp_SYS_TIMEOUT         0x800'a058     0xc  Data  Gb  memp.o [1]
memp_TCP_PCB             0x800'a01c     0xc  Data  Gb  memp.o [1]
memp_TCP_PCB_LISTEN      0x800'a028     0xc  Data  Gb  memp.o [1]
memp_TCP_SEG             0x800'a034     0xc  Data  Gb  memp.o [1]
memp_UDP_PCB             0x800'a010     0xc  Data  Gb  memp.o [1]
memp_free                0x800'3d21    0x22  Code  Gb  memp.o [1]
memp_init                0x800'3c7d    0x1a  Code  Gb  memp.o [1]
memp_init_pool           0x800'3c55    0x28  Code  Gb  memp.o [1]
memp_malloc              0x800'3cc9    0x20  Code  Gb  memp.o [1]
memp_memory_FRAG_PBUF_base
                        0x2000'61fc   0x16c  Data  Gb  memp.o [1]
memp_memory_PBUF_POOL_base
                        0x2000'329c  0x2604  Data  Gb  memp.o [1]
memp_memory_PBUF_base   0x2000'646c   0x104  Data  Gb  memp.o [1]
memp_memory_REASSDATA_base
                        0x2000'6744    0xa4  Data  Gb  memp.o [1]
memp_memory_SYS_TIMEOUT_base
                        0x2000'69c4    0x34  Data  Gb  memp.o [1]
memp_memory_TCP_PCB_LISTEN_base
                        0x2000'6660    0xe4  Data  Gb  memp.o [1]
memp_memory_TCP_PCB_base
                        0x2000'5f00   0x2fc  Data  Gb  memp.o [1]
memp_memory_TCP_SEG_base
                        0x2000'6368   0x104  Data  Gb  memp.o [1]
memp_memory_UDP_PCB_base
                        0x2000'67e8    0x84  Data  Gb  memp.o [1]
memp_pools               0x800'3e64    0x24  Data  Gb  memp.o [1]
memp_tab_FRAG_PBUF      0x2000'6a90     0x4  Data  Lc  memp.o [1]
memp_tab_PBUF           0x2000'6a98     0x4  Data  Lc  memp.o [1]
memp_tab_PBUF_POOL      0x2000'6a9c     0x4  Data  Lc  memp.o [1]
memp_tab_REASSDATA      0x2000'6a8c     0x4  Data  Lc  memp.o [1]
memp_tab_SYS_TIMEOUT    0x2000'6a94     0x4  Data  Lc  memp.o [1]
memp_tab_TCP_PCB        0x2000'6a80     0x4  Data  Lc  memp.o [1]
memp_tab_TCP_PCB_LISTEN
                        0x2000'6a84     0x4  Data  Lc  memp.o [1]
memp_tab_TCP_SEG        0x2000'6a88     0x4  Data  Lc  memp.o [1]
memp_tab_UDP_PCB        0x2000'6a7c     0x4  Data  Lc  memp.o [1]
netif_add                0x800'93b1    0x76  Code  Gb  netif.o [1]
netif_default           0x2000'6a60     0x4  Data  Gb  netif.o [1]
netif_init               0x800'93ad     0x2  Code  Gb  netif.o [1]
netif_issue_reports      0x800'94e5    0x18  Code  Lc  netif.o [1]
netif_list              0x2000'6a5c     0x4  Data  Gb  netif.o [1]
netif_num               0x2000'6a58     0x1  Data  Lc  netif.o [1]
netif_set_addr           0x800'9427    0x44  Code  Gb  netif.o [1]
netif_set_default        0x800'94b7     0x6  Code  Gb  netif.o [1]
netif_set_down           0x800'94fd    0x1a  Code  Gb  netif.o [1]
netif_set_gw             0x800'94a7     0x8  Code  Gb  netif.o [1]
netif_set_ipaddr         0x800'946b    0x3c  Code  Gb  netif.o [1]
netif_set_netmask        0x800'94af     0x8  Code  Gb  netif.o [1]
netif_set_up             0x800'94c9    0x1c  Code  Gb  netif.o [1]
netmask                 0x2000'6a50     0x4  Data  Gb  lwip.o [1]
next_timeout            0x2000'6a6c     0x4  Data  Lc  timeouts.o [1]
obuf                    0x2000'693c    0x50  Data  Lc  xfiles.o [2]
pbuf_alloc               0x800'181d   0x1e2  Code  Gb  pbuf.o [1]
pbuf_alloced_custom      0x800'1a19    0x60  Code  Gb  pbuf.o [1]
pbuf_cat                 0x800'1cd9    0x72  Code  Gb  pbuf.o [1]
pbuf_clen                0x800'1ca5    0x12  Code  Gb  pbuf.o [1]
pbuf_copy                0x800'1d4b    0xf8  Code  Gb  pbuf.o [1]
pbuf_copy_partial        0x800'1e45    0x84  Code  Gb  pbuf.o [1]
pbuf_free                0x800'1be9    0xb4  Code  Gb  pbuf.o [1]
pbuf_free_ooseq_pending
                        0x2000'6aaf     0x1  Data  Gb  pbuf.o [1]
pbuf_header              0x800'1be1     0x4  Code  Gb  pbuf.o [1]
pbuf_header_force        0x800'1be5     0x4  Code  Gb  pbuf.o [1]
pbuf_header_impl         0x800'1b43    0x9e  Code  Lc  pbuf.o [1]
pbuf_realloc             0x800'1a79    0xca  Code  Gb  pbuf.o [1]
pbuf_ref                 0x800'1cb7    0x22  Code  Gb  pbuf.o [1]
plug_holes               0x800'40e1    0xac  Code  Lc  mem.o [1]
printf                   0x800'40b9    0x28  Code  Gb  printf.o [2]
putchar                  0x800'a255     0xc  Code  Gb  putchar.o [2]
ram                     0x2000'58a0     0x4  Data  Lc  mem.o [1]
ram_end                 0x2000'58a4     0x4  Data  Lc  mem.o [1]
ram_heap                0x2000'58ac   0x654  Data  Gb  mem.o [1]
reassdatagrams          0x2000'6a68     0x4  Data  Lc  ip4_frag.o [1]
recv_acked              0x2000'69a6     0x2  Data  Lc  tcp_in.o [1]
recv_data               0x2000'69bc     0x4  Data  Lc  tcp_in.o [1]
recv_flags              0x2000'698d     0x1  Data  Lc  tcp_in.o [1]
remove                   0x800'9ffb    0x14  Code  Gb  remove.o [5]
sFileInfo               0x2000'686c    0x80  Data  Lc  XShHandles.o [2]
scalbln                  0x800'7a3d          Code  Gb  ldexp.o [3]
scalblnl                 0x800'7a3d          Code  Gb  ldexp.o [3]
scalbn                   0x800'7a3d          Code  Gb  ldexp.o [3]
scalbnl                  0x800'7a3d          Code  Gb  ldexp.o [3]
scale                    0x800'55e7    0x46  Code  Lc  xprintffull.o [2]
sec_hand                0x2000'6aa4     0x4  Data  Lc  xfail_s.o [2]
seqno                   0x2000'69b4     0x4  Data  Lc  tcp_in.o [1]
strchr                   0x800'74a5          Code  Gb  strchr.o [4]
strlen                   0x800'74fd          Code  Gb  strlen.o [4]
sys_now                  0x800'4d6d     0x4  Code  Gb  ethernetif.o [1]
sys_timeout              0x800'3f11    0x92  Code  Gb  timeouts.o [1]
sys_timeouts_init        0x800'3ee9    0x20  Code  Gb  timeouts.o [1]
tcp_abandon              0x800'25b5    0xbc  Code  Gb  tcp.o [1]
tcp_abort                0x800'26a5     0x4  Code  Gb  tcp.o [1]
tcp_active_pcbs         0x2000'0020     0x4  Data  Gb  tcp.o [1]
tcp_active_pcbs_changed
                        0x2000'0010     0x1  Data  Gb  tcp.o [1]
tcp_alloc                0x800'2cb9    0xe4  Code  Gb  tcp.o [1]
tcp_backoff              0x800'31e4    0x10  Data  Lc  tcp.o [1]
tcp_bound_pcbs          0x2000'0018     0x4  Data  Gb  tcp.o [1]
tcp_close                0x800'25a1    0x12  Code  Gb  tcp.o [1]
tcp_close_shutdown       0x800'23a1   0x14c  Code  Lc  tcp.o [1]
tcp_close_shutdown_fin   0x800'24ed    0x72  Code  Lc  tcp.o [1]
tcp_create_segment       0x800'32c1    0xae  Code  Lc  tcp_out.o [1]
tcp_eff_send_mss_impl    0x800'2e85    0x24  Code  Gb  tcp.o [1]
tcp_enqueue_flags        0x800'3389   0x11a  Code  Gb  tcp_out.o [1]
tcp_fasttmr              0x800'2b03    0x5e  Code  Gb  tcp.o [1]
tcp_getoptbyte           0x800'14a9    0x26  Code  Lc  tcp_in.o [1]
tcp_init                 0x800'2381     0x2  Code  Gb  tcp.o [1]
tcp_input                0x800'0189   0x446  Code  Gb  tcp_in.o [1]
tcp_input_delayed_close
                         0x800'072d    0x3c  Code  Lc  tcp_in.o [1]
tcp_input_pcb           0x2000'69c0     0x4  Data  Gb  tcp_in.o [1]
tcp_keepalive            0x800'39d7    0x4c  Code  Gb  tcp_out.o [1]
tcp_kill_state           0x800'2c51    0x56  Code  Lc  tcp.o [1]
tcp_listen_input         0x800'0769    0xea  Code  Lc  tcp_in.o [1]
tcp_listen_pcbs         0x2000'001c     0x4  Data  Gb  tcp.o [1]
tcp_netif_ip_addr_changed
                         0x800'2ec7    0x44  Code  Gb  tcp.o [1]
tcp_netif_ip_addr_changed_pcblist
                         0x800'2ea9    0x1e  Code  Lc  tcp.o [1]
tcp_next_iss             0x800'2e79     0xc  Code  Gb  tcp.o [1]
tcp_next_iss::iss       0x2000'0028     0x4  Data  Lc  tcp.o [1]
tcp_oos_insert_segment   0x800'0c41    0x66  Code  Lc  tcp_in.o [1]
tcp_optidx              0x2000'69a4     0x2  Data  Lc  tcp_in.o [1]
tcp_output               0x800'3513   0x1f8  Code  Gb  tcp_out.o [1]
tcp_output_alloc_header
                         0x800'31fd    0x80  Code  Lc  tcp_out.o [1]
tcp_output_segment       0x800'371f    0x9c  Code  Lc  tcp_out.o [1]
tcp_parseopt             0x800'14cf    0x66  Code  Lc  tcp_in.o [1]
tcp_pcb_lists            0x800'2794    0x10  Data  Gb  tcp.o [1]
tcp_pcb_purge            0x800'2da3    0x46  Code  Gb  tcp.o [1]
tcp_pcb_remove           0x800'2de9    0x8a  Code  Gb  tcp.o [1]
tcp_persist_backoff      0x800'31f4     0x8  Data  Lc  tcp.o [1]
tcp_process              0x800'0855   0x36c  Code  Lc  tcp_in.o [1]
tcp_process_refused_data
                         0x800'2b71    0x6a  Code  Gb  tcp.o [1]
tcp_receive              0x800'0cd9   0x750  Code  Lc  tcp_in.o [1]
tcp_recv_null            0x800'2c2d    0x24  Code  Gb  tcp.o [1]
tcp_recved               0x800'271f    0x76  Code  Gb  tcp.o [1]
tcp_rexmit               0x800'393f    0x4a  Code  Gb  tcp_out.o [1]
tcp_rexmit_fast          0x800'3989    0x4e  Code  Gb  tcp_out.o [1]
tcp_rexmit_rto           0x800'3911    0x2e  Code  Gb  tcp_out.o [1]
tcp_rst                  0x800'37cd    0x94  Code  Gb  tcp_out.o [1]
tcp_seg_copy             0x800'2c09    0x24  Code  Gb  tcp.o [1]
tcp_seg_free             0x800'2bed    0x1c  Code  Gb  tcp.o [1]
tcp_segs_free            0x800'2bdb    0x12  Code  Gb  tcp.o [1]
tcp_send_empty_ack       0x800'34a9    0x6a  Code  Gb  tcp_out.o [1]
tcp_send_fin             0x800'327d    0x44  Code  Gb  tcp_out.o [1]
tcp_slowtmr              0x800'27a5   0x35e  Code  Gb  tcp.o [1]
tcp_ticks               0x2000'0014     0x4  Data  Gb  tcp.o [1]
tcp_timer               0x2000'6ab0     0x1  Data  Lc  tcp.o [1]
tcp_timer_ctr           0x2000'0011     0x1  Data  Lc  tcp.o [1]
tcp_timer_needed         0x800'3eb1    0x24  Code  Gb  timeouts.o [1]
tcp_tmr                  0x800'2383    0x1c  Code  Gb  tcp.o [1]
tcp_trigger_input_pcb_close
                         0x800'1535     0xc  Code  Gb  tcp_in.o [1]
tcp_tw_pcbs             0x2000'0024     0x4  Data  Gb  tcp.o [1]
tcp_update_rcv_ann_wnd   0x800'26cf    0x50  Code  Gb  tcp.o [1]
tcp_zero_window_probe    0x800'3a23    0xac  Code  Gb  tcp_out.o [1]
tcphdr                  0x2000'69ac     0x4  Data  Lc  tcp_in.o [1]
tcphdr_opt1len          0x2000'69a2     0x2  Data  Lc  tcp_in.o [1]
tcphdr_opt2             0x2000'69b0     0x4  Data  Lc  tcp_in.o [1]
tcphdr_optlen           0x2000'69a0     0x2  Data  Lc  tcp_in.o [1]
tcpip_tcp_timer          0x800'3e89    0x28  Code  Lc  timeouts.o [1]
tcpip_tcp_timer_active  0x2000'6aa0     0x4  Data  Lc  timeouts.o [1]
tcplen                  0x2000'69a8     0x2  Data  Lc  tcp_in.o [1]
timeouts_last_time      0x2000'6a70     0x4  Data  Lc  timeouts.o [1]
ttio_guard              0x2000'6ab1     0x1  Data  Lc  XShttio.o [2]
udp_init                 0x800'66a1     0x2  Code  Gb  udp.o [1]
udp_input                0x800'66a3   0x12c  Code  Gb  udp.o [1]
udp_netif_ip_addr_changed
                         0x800'67cf    0x30  Code  Gb  udp.o [1]
udp_pcbs                0x2000'0030     0x4  Data  Gb  udp.o [1]
udp_port                0x2000'002c     0x2  Data  Lc  udp.o [1]
uwTick                  0x2000'0004     0x4  Data  Gb  stm32f4xx_hal.o [1]
uwTickFreq              0x2000'0000     0x1  Data  Gb  stm32f4xx_hal.o [1]
uwTickPrio              0x2000'0008     0x4  Data  Gb  stm32f4xx_hal.o [1]


[1] = C:\Users\Иван\Desktop\Проект МП-ИИ\MP-II_ver2.0\MP-II_ver2.0\EWARM\MP-II_ver2.0\Obj
[2] = dl7M_tlf.a
[3] = m7M_tls.a
[4] = rt7M_tl.a
[5] = shb_l.a

  41 776 bytes of readonly  code memory
     316 bytes of readonly  data memory
  28 850 bytes of readwrite data memory

Errors: none
Warnings: none
