###############################################################################
#
# IAR ELF Linker V8.30.1.114/W32 for ARM                  18/Aug/2022  09:09:11
# Copyright 2007-2018 IAR Systems AB.
#
#    Output file  =  
#        C:\Users\Иван\Desktop\Проект
#        МП-ИИ\MP-II_ver2.0\MP-II_ver2.0\EWARM\MP-II_ver2.0\Exe\MP-II_ver2.0.out
#    Map file     =  
#        C:\Users\Иван\Desktop\Проект
#        МП-ИИ\MP-II_ver2.0\MP-II_ver2.0\EWARM\MP-II_ver2.0\List\MP-II_ver2.0.map
#    Command line =  
#        -f C:\Users\3C8A~1\AppData\Local\Temp\EW57E9.tmp
#        ("C:\Users\Иван\Desktop\Проект
#        МП-ИИ\MP-II_ver2.0\MP-II_ver2.0\EWARM\MP-II_ver2.0\Obj\api_lib.o"
#        "C:\Users\Иван\Desktop\Проект
#        МП-ИИ\MP-II_ver2.0\MP-II_ver2.0\EWARM\MP-II_ver2.0\Obj\api_msg.o"
#        "C:\Users\Иван\Desktop\Проект
#        МП-ИИ\MP-II_ver2.0\MP-II_ver2.0\EWARM\MP-II_ver2.0\Obj\auth.o"
#        "C:\Users\Иван\Desktop\Проект
#        МП-ИИ\MP-II_ver2.0\MP-II_ver2.0\EWARM\MP-II_ver2.0\Obj\autoip.o"
#        "C:\Users\Иван\Desktop\Проект
#        МП-ИИ\MP-II_ver2.0\MP-II_ver2.0\EWARM\MP-II_ver2.0\Obj\ccp.o"
#        "C:\Users\Иван\Desktop\Проект
#        МП-ИИ\MP-II_ver2.0\MP-II_ver2.0\EWARM\MP-II_ver2.0\Obj\chap-md5.o"
#        "C:\Users\Иван\Desktop\Проект
#        МП-ИИ\MP-II_ver2.0\MP-II_ver2.0\EWARM\MP-II_ver2.0\Obj\chap-new.o"
#        "C:\Users\Иван\Desktop\Проект
#        МП-ИИ\MP-II_ver2.0\MP-II_ver2.0\EWARM\MP-II_ver2.0\Obj\chap_ms.o"
#        "C:\Users\Иван\Desktop\Проект
#        МП-ИИ\MP-II_ver2.0\MP-II_ver2.0\EWARM\MP-II_ver2.0\Obj\def.o"
#        "C:\Users\Иван\Desktop\Проект
#        МП-ИИ\MP-II_ver2.0\MP-II_ver2.0\EWARM\MP-II_ver2.0\Obj\demand.o"
#        "C:\Users\Иван\Desktop\Проект
#        МП-ИИ\MP-II_ver2.0\MP-II_ver2.0\EWARM\MP-II_ver2.0\Obj\dhcp.o"
#        "C:\Users\Иван\Desktop\Проект
#        МП-ИИ\MP-II_ver2.0\MP-II_ver2.0\EWARM\MP-II_ver2.0\Obj\dhcp6.o"
#        "C:\Users\Иван\Desktop\Проект
#        МП-ИИ\MP-II_ver2.0\MP-II_ver2.0\EWARM\MP-II_ver2.0\Obj\dns.o"
#        "C:\Users\Иван\Desktop\Проект
#        МП-ИИ\MP-II_ver2.0\MP-II_ver2.0\EWARM\MP-II_ver2.0\Obj\eap.o"
#        "C:\Users\Иван\Desktop\Проект
#        МП-ИИ\MP-II_ver2.0\MP-II_ver2.0\EWARM\MP-II_ver2.0\Obj\ecp.o"
#        "C:\Users\Иван\Desktop\Проект
#        МП-ИИ\MP-II_ver2.0\MP-II_ver2.0\EWARM\MP-II_ver2.0\Obj\err.o"
#        "C:\Users\Иван\Desktop\Проект
#        МП-ИИ\MP-II_ver2.0\MP-II_ver2.0\EWARM\MP-II_ver2.0\Obj\etharp.o"
#        "C:\Users\Иван\Desktop\Проект
#        МП-ИИ\MP-II_ver2.0\MP-II_ver2.0\EWARM\MP-II_ver2.0\Obj\ethernet.o"
#        "C:\Users\Иван\Desktop\Проект
#        МП-ИИ\MP-II_ver2.0\MP-II_ver2.0\EWARM\MP-II_ver2.0\Obj\ethernetif.o"
#        "C:\Users\Иван\Desktop\Проект
#        МП-ИИ\MP-II_ver2.0\MP-II_ver2.0\EWARM\MP-II_ver2.0\Obj\ethip6.o"
#        "C:\Users\Иван\Desktop\Проект
#        МП-ИИ\MP-II_ver2.0\MP-II_ver2.0\EWARM\MP-II_ver2.0\Obj\eui64.o"
#        "C:\Users\Иван\Desktop\Проект
#        МП-ИИ\MP-II_ver2.0\MP-II_ver2.0\EWARM\MP-II_ver2.0\Obj\fsm.o"
#        "C:\Users\Иван\Desktop\Проект
#        МП-ИИ\MP-II_ver2.0\MP-II_ver2.0\EWARM\MP-II_ver2.0\Obj\icmp.o"
#        "C:\Users\Иван\Desktop\Проект
#        МП-ИИ\MP-II_ver2.0\MP-II_ver2.0\EWARM\MP-II_ver2.0\Obj\icmp6.o"
#        "C:\Users\Иван\Desktop\Проект
#        МП-ИИ\MP-II_ver2.0\MP-II_ver2.0\EWARM\MP-II_ver2.0\Obj\igmp.o"
#        "C:\Users\Иван\Desktop\Проект
#        МП-ИИ\MP-II_ver2.0\MP-II_ver2.0\EWARM\MP-II_ver2.0\Obj\inet6.o"
#        "C:\Users\Иван\Desktop\Проект
#        МП-ИИ\MP-II_ver2.0\MP-II_ver2.0\EWARM\MP-II_ver2.0\Obj\inet_chksum.o"
#        "C:\Users\Иван\Desktop\Проект
#        МП-ИИ\MP-II_ver2.0\MP-II_ver2.0\EWARM\MP-II_ver2.0\Obj\init.o"
#        "C:\Users\Иван\Desktop\Проект
#        МП-ИИ\MP-II_ver2.0\MP-II_ver2.0\EWARM\MP-II_ver2.0\Obj\ip.o"
#        "C:\Users\Иван\Desktop\Проект
#        МП-ИИ\MP-II_ver2.0\MP-II_ver2.0\EWARM\MP-II_ver2.0\Obj\ip4.o"
#        "C:\Users\Иван\Desktop\Проект
#        МП-ИИ\MP-II_ver2.0\MP-II_ver2.0\EWARM\MP-II_ver2.0\Obj\ip4_addr.o"
#        "C:\Users\Иван\Desktop\Проект
#        МП-ИИ\MP-II_ver2.0\MP-II_ver2.0\EWARM\MP-II_ver2.0\Obj\ip4_frag.o"
#        "C:\Users\Иван\Desktop\Проект
#        МП-ИИ\MP-II_ver2.0\MP-II_ver2.0\EWARM\MP-II_ver2.0\Obj\ip6.o"
#        "C:\Users\Иван\Desktop\Проект
#        МП-ИИ\MP-II_ver2.0\MP-II_ver2.0\EWARM\MP-II_ver2.0\Obj\ip6_addr.o"
#        "C:\Users\Иван\Desktop\Проект
#        МП-ИИ\MP-II_ver2.0\MP-II_ver2.0\EWARM\MP-II_ver2.0\Obj\ip6_frag.o"
#        "C:\Users\Иван\Desktop\Проект
#        МП-ИИ\MP-II_ver2.0\MP-II_ver2.0\EWARM\MP-II_ver2.0\Obj\ipcp.o"
#        "C:\Users\Иван\Desktop\Проект
#        МП-ИИ\MP-II_ver2.0\MP-II_ver2.0\EWARM\MP-II_ver2.0\Obj\ipv6cp.o"
#        "C:\Users\Иван\Desktop\Проект
#        МП-ИИ\MP-II_ver2.0\MP-II_ver2.0\EWARM\MP-II_ver2.0\Obj\lcp.o"
#        "C:\Users\Иван\Desktop\Проект
#        МП-ИИ\MP-II_ver2.0\MP-II_ver2.0\EWARM\MP-II_ver2.0\Obj\lowpan6.o"
#        "C:\Users\Иван\Desktop\Проект
#        МП-ИИ\MP-II_ver2.0\MP-II_ver2.0\EWARM\MP-II_ver2.0\Obj\lwip.o"
#        "C:\Users\Иван\Desktop\Проект
#        МП-ИИ\MP-II_ver2.0\MP-II_ver2.0\EWARM\MP-II_ver2.0\Obj\magic.o"
#        "C:\Users\Иван\Desktop\Проект
#        МП-ИИ\MP-II_ver2.0\MP-II_ver2.0\EWARM\MP-II_ver2.0\Obj\main.o"
#        "C:\Users\Иван\Desktop\Проект
#        МП-ИИ\MP-II_ver2.0\MP-II_ver2.0\EWARM\MP-II_ver2.0\Obj\mb.o"
#        "C:\Users\Иван\Desktop\Проект
#        МП-ИИ\MP-II_ver2.0\MP-II_ver2.0\EWARM\MP-II_ver2.0\Obj\mbascii.o"
#        "C:\Users\Иван\Desktop\Проект
#        МП-ИИ\MP-II_ver2.0\MP-II_ver2.0\EWARM\MP-II_ver2.0\Obj\mbcrc.o"
#        "C:\Users\Иван\Desktop\Проект
#        МП-ИИ\MP-II_ver2.0\MP-II_ver2.0\EWARM\MP-II_ver2.0\Obj\mbfunccoils.o"
#        "C:\Users\Иван\Desktop\Проект
#        МП-ИИ\MP-II_ver2.0\MP-II_ver2.0\EWARM\MP-II_ver2.0\Obj\mbfuncdiag.o"
#        "C:\Users\Иван\Desktop\Проект
#        МП-ИИ\MP-II_ver2.0\MP-II_ver2.0\EWARM\MP-II_ver2.0\Obj\mbfuncdisc.o"
#        "C:\Users\Иван\Desktop\Проект
#        МП-ИИ\MP-II_ver2.0\MP-II_ver2.0\EWARM\MP-II_ver2.0\Obj\mbfuncholding.o"
#        "C:\Users\Иван\Desktop\Проект
#        МП-ИИ\MP-II_ver2.0\MP-II_ver2.0\EWARM\MP-II_ver2.0\Obj\mbfuncinput.o"
#        "C:\Users\Иван\Desktop\Проект
#        МП-ИИ\MP-II_ver2.0\MP-II_ver2.0\EWARM\MP-II_ver2.0\Obj\mbfuncother.o"
#        "C:\Users\Иван\Desktop\Проект
#        МП-ИИ\MP-II_ver2.0\MP-II_ver2.0\EWARM\MP-II_ver2.0\Obj\mbrtu.o"
#        "C:\Users\Иван\Desktop\Проект
#        МП-ИИ\MP-II_ver2.0\MP-II_ver2.0\EWARM\MP-II_ver2.0\Obj\mbtcp.o"
#        "C:\Users\Иван\Desktop\Проект
#        МП-ИИ\MP-II_ver2.0\MP-II_ver2.0\EWARM\MP-II_ver2.0\Obj\mbutils.o"
#        "C:\Users\Иван\Desktop\Проект
#        МП-ИИ\MP-II_ver2.0\MP-II_ver2.0\EWARM\MP-II_ver2.0\Obj\mem.o"
#        "C:\Users\Иван\Desktop\Проект
#        МП-ИИ\MP-II_ver2.0\MP-II_ver2.0\EWARM\MP-II_ver2.0\Obj\memp.o"
#        "C:\Users\Иван\Desktop\Проект
#        МП-ИИ\MP-II_ver2.0\MP-II_ver2.0\EWARM\MP-II_ver2.0\Obj\mld6.o"
#        "C:\Users\Иван\Desktop\Проект
#        МП-ИИ\MP-II_ver2.0\MP-II_ver2.0\EWARM\MP-II_ver2.0\Obj\mppe.o"
#        "C:\Users\Иван\Desktop\Проект
#        МП-ИИ\MP-II_ver2.0\MP-II_ver2.0\EWARM\MP-II_ver2.0\Obj\mqtt.o"
#        "C:\Users\Иван\Desktop\Проект
#        МП-ИИ\MP-II_ver2.0\MP-II_ver2.0\EWARM\MP-II_ver2.0\Obj\multilink.o"
#        "C:\Users\Иван\Desktop\Проект
#        МП-ИИ\MP-II_ver2.0\MP-II_ver2.0\EWARM\MP-II_ver2.0\Obj\nd6.o"
#        "C:\Users\Иван\Desktop\Проект
#        МП-ИИ\MP-II_ver2.0\MP-II_ver2.0\EWARM\MP-II_ver2.0\Obj\netbuf.o"
#        "C:\Users\Иван\Desktop\Проект
#        МП-ИИ\MP-II_ver2.0\MP-II_ver2.0\EWARM\MP-II_ver2.0\Obj\netdb.o"
#        "C:\Users\Иван\Desktop\Проект
#        МП-ИИ\MP-II_ver2.0\MP-II_ver2.0\EWARM\MP-II_ver2.0\Obj\netif.o"
#        "C:\Users\Иван\Desktop\Проект
#        МП-ИИ\MP-II_ver2.0\MP-II_ver2.0\EWARM\MP-II_ver2.0\Obj\netifapi.o"
#        "C:\Users\Иван\Desktop\Проект
#        МП-ИИ\MP-II_ver2.0\MP-II_ver2.0\EWARM\MP-II_ver2.0\Obj\pbuf.o"
#        "C:\Users\Иван\Desktop\Проект
#        МП-ИИ\MP-II_ver2.0\MP-II_ver2.0\EWARM\MP-II_ver2.0\Obj\portevent.o"
#        "C:\Users\Иван\Desktop\Проект
#        МП-ИИ\MP-II_ver2.0\MP-II_ver2.0\EWARM\MP-II_ver2.0\Obj\portother.o"
#        "C:\Users\Иван\Desktop\Проект
#        МП-ИИ\MP-II_ver2.0\MP-II_ver2.0\EWARM\MP-II_ver2.0\Obj\porttcp.o"
#        "C:\Users\Иван\Desktop\Проект
#        МП-ИИ\MP-II_ver2.0\MP-II_ver2.0\EWARM\MP-II_ver2.0\Obj\ppp.o"
#        "C:\Users\Иван\Desktop\Проект
#        МП-ИИ\MP-II_ver2.0\MP-II_ver2.0\EWARM\MP-II_ver2.0\Obj\pppapi.o"
#        "C:\Users\Иван\Desktop\Проект
#        МП-ИИ\MP-II_ver2.0\MP-II_ver2.0\EWARM\MP-II_ver2.0\Obj\pppcrypt.o"
#        "C:\Users\Иван\Desktop\Проект
#        МП-ИИ\MP-II_ver2.0\MP-II_ver2.0\EWARM\MP-II_ver2.0\Obj\pppoe.o"
#        "C:\Users\Иван\Desktop\Проект
#        МП-ИИ\MP-II_ver2.0\MP-II_ver2.0\EWARM\MP-II_ver2.0\Obj\pppol2tp.o"
#        "C:\Users\Иван\Desktop\Проект
#        МП-ИИ\MP-II_ver2.0\MP-II_ver2.0\EWARM\MP-II_ver2.0\Obj\pppos.o"
#        "C:\Users\Иван\Desktop\Проект
#        МП-ИИ\MP-II_ver2.0\MP-II_ver2.0\EWARM\MP-II_ver2.0\Obj\raw.o"
#        "C:\Users\Иван\Desktop\Проект
#        МП-ИИ\MP-II_ver2.0\MP-II_ver2.0\EWARM\MP-II_ver2.0\Obj\slipif.o"
#        "C:\Users\Иван\Desktop\Проект
#        МП-ИИ\MP-II_ver2.0\MP-II_ver2.0\EWARM\MP-II_ver2.0\Obj\sockets.o"
#        "C:\Users\Иван\Desktop\Проект
#        МП-ИИ\MP-II_ver2.0\MP-II_ver2.0\EWARM\MP-II_ver2.0\Obj\startup_stm32f407xx.o"
#        "C:\Users\Иван\Desktop\Проект
#        МП-ИИ\MP-II_ver2.0\MP-II_ver2.0\EWARM\MP-II_ver2.0\Obj\stats.o"
#        "C:\Users\Иван\Desktop\Проект
#        МП-ИИ\MP-II_ver2.0\MP-II_ver2.0\EWARM\MP-II_ver2.0\Obj\stm32f4xx_hal.o"
#        "C:\Users\Иван\Desktop\Проект
#        МП-ИИ\MP-II_ver2.0\MP-II_ver2.0\EWARM\MP-II_ver2.0\Obj\stm32f4xx_hal_cortex.o"
#        "C:\Users\Иван\Desktop\Проект
#        МП-ИИ\MP-II_ver2.0\MP-II_ver2.0\EWARM\MP-II_ver2.0\Obj\stm32f4xx_hal_dma.o"
#        "C:\Users\Иван\Desktop\Проект
#        МП-ИИ\MP-II_ver2.0\MP-II_ver2.0\EWARM\MP-II_ver2.0\Obj\stm32f4xx_hal_dma_ex.o"
#        "C:\Users\Иван\Desktop\Проект
#        МП-ИИ\MP-II_ver2.0\MP-II_ver2.0\EWARM\MP-II_ver2.0\Obj\stm32f4xx_hal_eth.o"
#        "C:\Users\Иван\Desktop\Проект
#        МП-ИИ\MP-II_ver2.0\MP-II_ver2.0\EWARM\MP-II_ver2.0\Obj\stm32f4xx_hal_flash.o"
#        "C:\Users\Иван\Desktop\Проект
#        МП-ИИ\MP-II_ver2.0\MP-II_ver2.0\EWARM\MP-II_ver2.0\Obj\stm32f4xx_hal_flash_ex.o"
#        "C:\Users\Иван\Desktop\Проект
#        МП-ИИ\MP-II_ver2.0\MP-II_ver2.0\EWARM\MP-II_ver2.0\Obj\stm32f4xx_hal_flash_ramfunc.o"
#        "C:\Users\Иван\Desktop\Проект
#        МП-ИИ\MP-II_ver2.0\MP-II_ver2.0\EWARM\MP-II_ver2.0\Obj\stm32f4xx_hal_gpio.o"
#        "C:\Users\Иван\Desktop\Проект
#        МП-ИИ\MP-II_ver2.0\MP-II_ver2.0\EWARM\MP-II_ver2.0\Obj\stm32f4xx_hal_msp.o"
#        "C:\Users\Иван\Desktop\Проект
#        МП-ИИ\MP-II_ver2.0\MP-II_ver2.0\EWARM\MP-II_ver2.0\Obj\stm32f4xx_hal_pwr.o"
#        "C:\Users\Иван\Desktop\Проект
#        МП-ИИ\MP-II_ver2.0\MP-II_ver2.0\EWARM\MP-II_ver2.0\Obj\stm32f4xx_hal_pwr_ex.o"
#        "C:\Users\Иван\Desktop\Проект
#        МП-ИИ\MP-II_ver2.0\MP-II_ver2.0\EWARM\MP-II_ver2.0\Obj\stm32f4xx_hal_rcc.o"
#        "C:\Users\Иван\Desktop\Проект
#        МП-ИИ\MP-II_ver2.0\MP-II_ver2.0\EWARM\MP-II_ver2.0\Obj\stm32f4xx_hal_rcc_ex.o"
#        "C:\Users\Иван\Desktop\Проект
#        МП-ИИ\MP-II_ver2.0\MP-II_ver2.0\EWARM\MP-II_ver2.0\Obj\stm32f4xx_hal_tim.o"
#        "C:\Users\Иван\Desktop\Проект
#        МП-ИИ\MP-II_ver2.0\MP-II_ver2.0\EWARM\MP-II_ver2.0\Obj\stm32f4xx_hal_tim_ex.o"
#        "C:\Users\Иван\Desktop\Проект
#        МП-ИИ\MP-II_ver2.0\MP-II_ver2.0\EWARM\MP-II_ver2.0\Obj\stm32f4xx_hal_uart.o"
#        "C:\Users\Иван\Desktop\Проект
#        МП-ИИ\MP-II_ver2.0\MP-II_ver2.0\EWARM\MP-II_ver2.0\Obj\stm32f4xx_it.o"
#        "C:\Users\Иван\Desktop\Проект
#        МП-ИИ\MP-II_ver2.0\MP-II_ver2.0\EWARM\MP-II_ver2.0\Obj\sys.o"
#        "C:\Users\Иван\Desktop\Проект
#        МП-ИИ\MP-II_ver2.0\MP-II_ver2.0\EWARM\MP-II_ver2.0\Obj\system_stm32f4xx.o"
#        "C:\Users\Иван\Desktop\Проект
#        МП-ИИ\MP-II_ver2.0\MP-II_ver2.0\EWARM\MP-II_ver2.0\Obj\tcp.o"
#        "C:\Users\Иван\Desktop\Проект
#        МП-ИИ\MP-II_ver2.0\MP-II_ver2.0\EWARM\MP-II_ver2.0\Obj\tcp_in.o"
#        "C:\Users\Иван\Desktop\Проект
#        МП-ИИ\MP-II_ver2.0\MP-II_ver2.0\EWARM\MP-II_ver2.0\Obj\tcp_out.o"
#        "C:\Users\Иван\Desktop\Проект
#        МП-ИИ\MP-II_ver2.0\MP-II_ver2.0\EWARM\MP-II_ver2.0\Obj\tcpip.o"
#        "C:\Users\Иван\Desktop\Проект
#        МП-ИИ\MP-II_ver2.0\MP-II_ver2.0\EWARM\MP-II_ver2.0\Obj\timeouts.o"
#        "C:\Users\Иван\Desktop\Проект
#        МП-ИИ\MP-II_ver2.0\MP-II_ver2.0\EWARM\MP-II_ver2.0\Obj\udp.o"
#        "C:\Users\Иван\Desktop\Проект
#        МП-ИИ\MP-II_ver2.0\MP-II_ver2.0\EWARM\MP-II_ver2.0\Obj\upap.o"
#        "C:\Users\Иван\Desktop\Проект
#        МП-ИИ\MP-II_ver2.0\MP-II_ver2.0\EWARM\MP-II_ver2.0\Obj\utils.o"
#        "C:\Users\Иван\Desktop\Проект
#        МП-ИИ\MP-II_ver2.0\MP-II_ver2.0\EWARM\MP-II_ver2.0\Obj\vj.o"
#        --redirect _Printf=_PrintfFull --redirect _Scanf=_ScanfFull
#        --no_out_extension -o "C:\Users\Иван\Desktop\Проект
#        МП-ИИ\MP-II_ver2.0\MP-II_ver2.0\EWARM\MP-II_ver2.0\Exe\MP-II_ver2.0.out"
#        --map "C:\Users\Иван\Desktop\Проект
#        МП-ИИ\MP-II_ver2.0\MP-II_ver2.0\EWARM\MP-II_ver2.0\List\MP-II_ver2.0.map"
#        --config "C:\Users\Иван\Desktop\Проект
#        МП-ИИ\MP-II_ver2.0\MP-II_ver2.0\EWARM/stm32f407xx_flash.icf"
#        --semihosting --entry __iar_program_start --vfe --text_out locale)
#
###############################################################################

*******************************************************************************
*** RUNTIME MODEL ATTRIBUTES
***

CppFlavor       = *
__SystemLibrary = DLib
__dlib_version  = 6


*******************************************************************************
*** HEAP SELECTION
***

The basic heap was selected because no calls to memory allocation
functions were found in the application outside of system library
functions, and there are calls to deallocation functions in the
application.


*******************************************************************************
*** PLACEMENT SUMMARY
***

"A0":  place at 0x800'0000 { ro section .intvec };
"P1":  place in [from 0x800'0000 to 0x80f'ffff] { ro };
define block CSTACK with size = 1K, alignment = 8 { };
define block HEAP with size = 512, alignment = 8 { };
"P2":  place in [from 0x2000'0000 to 0x2001'ffff] {
          rw, block CSTACK, block HEAP };
initialize by copy { rw };

  Section            Kind         Address    Size  Object
  -------            ----         -------    ----  ------
"A0":                                       0x188
  .intvec            ro code   0x800'0000   0x188  startup_stm32f407xx.o [1]
                             - 0x800'0188   0x188

"P1":                                      0xd09b
  .text              ro code   0x800'0188  0x1848  tcp_in.o [1]
  .text              ro code   0x800'19d0    0x32  ip4_addr.o [1]
  .text              ro code   0x800'1a02    0x7a  lz77_init_single.o [4]
  .text              ro code   0x800'1a7c    0x26  def.o [1]
  .text              ro code   0x800'1aa2    0x3a  zero_init3.o [4]
  .text              ro code   0x800'1adc   0xc34  pbuf.o [1]
  .text              ro code   0x800'2710    0x28  printf.o [2]
  .text              ro code   0x800'2738  0x13a0  tcp.o [1]
  .text              ro code   0x800'3ad8  0x14bc  tcp_out.o [1]
  .text              ro code   0x800'4f94   0x258  memp.o [1]
  .text              ro code   0x800'51ec   0x318  timeouts.o [1]
  .text              ro code   0x800'5504   0x5ec  mem.o [1]
  .text              ro code   0x800'5af0    0xa6  ABImemcpy.o [4]
  .text              ro code   0x800'5b96    0x1e  xencoding_8859_1.o [2]
  .text              ro code   0x800'5bb4   0xf7a  xprintffull.o [2]
  .text              ro code   0x800'6b2e    0x1a  xsnprout.o [2]
  .text              ro code   0x800'6b48     0x6  ABImemclr4.o [4]
  .text              ro code   0x800'6b50   0x3d8  ip4.o [1]
  .text              ro code   0x800'6f28   0x430  ethernetif.o [1]
  .text              ro code   0x800'7358    0x78  xlocale_c.o [2]
  .text              ro code   0x800'73d0    0x16  strchr.o [4]
  .text              ro code   0x800'73e8    0x40  xfail_s.o [2]
  .text              ro code   0x800'7428    0x36  strlen.o [4]
  .text              ro code   0x800'7460    0x58  memchr.o [4]
  .text              ro code   0x800'74b8     0xa  xmbcurmax.o [2]
  .text              ro code   0x800'74c4   0x230  I64DivMod.o [4]
  .text              ro code   0x800'76f4   0x1a2  DblMul.o [3]
  .text              ro code   0x800'7898    0x70  frexp.o [3]
  .text              ro code   0x800'7908    0x2e  DblCmpLe.o [3]
  .text              ro code   0x800'7938    0x2e  DblCmpGe.o [3]
  .text              ro code   0x800'7968   0x13a  ldexp.o [3]
  .text              ro code   0x800'7aa4    0x3a  DblToS32.o [3]
  .text              ro code   0x800'7ae0    0x22  S32ToDbl.o [3]
  .text              ro code   0x800'7b04    0xe2  DblSub.o [3]
  .text              ro code   0x800'7be8   0x246  DblDiv.o [3]
  .text              ro code   0x800'7e30    0x28  DblToU32.o [3]
  .text              ro code   0x800'7e58    0x1a  U32ToDbl.o [3]
  .text              ro code   0x800'7e74    0x32  ABImemset48.o [4]
  .text              ro code   0x800'7ea8   0x948  ip4_frag.o [1]
  .text              ro code   0x800'87f0   0x22c  udp.o [1]
  .text              ro code   0x800'8a1c   0x360  icmp.o [1]
  .text              ro code   0x800'8d7c   0x1e0  stm32f4xx_hal_gpio.o [1]
  .text              ro code   0x800'8f5c   0x928  stm32f4xx_hal_eth.o [1]
  .text              ro code   0x800'9884     0xc  stm32f4xx_hal.o [1]
  .text              ro code   0x800'9890     0x6  abort.o [2]
  .text              ro code   0x800'9898     0x2  I64DivZer.o [4]
  .text              ro code   0x800'989c   0x16a  DblAdd.o [3]
  .text              ro code   0x800'9a08   0x258  stm32f4xx_hal_rcc.o [1]
  .text              ro code   0x800'9c60    0x2c  stm32f4xx_hal.o [1]
  .text              ro code   0x800'9c8c    0x14  exit.o [5]
  .text              ro code   0x800'9ca0    0x48  stm32f4xx_hal.o [1]
  .text              ro code   0x800'9ce8    0xda  stm32f4xx_hal_cortex.o [1]
  .text              ro code   0x800'9dc4   0xaac  etharp.o [1]
  .text              ro code   0x800'a870   0x1e8  ethernet.o [1]
  .text              ro code   0x800'aa58    0x68  memcmp.o [4]
  .text              ro code   0x800'aac0   0x5e0  stm32f4xx_hal_uart.o [1]
  .text              ro code   0x800'b0a0   0x1c4  stm32f4xx_hal_msp.o [1]
  .text              ro code   0x800'b264   0x320  stm32f4xx_hal_dma.o [1]
  .text              ro code   0x800'b584     0x2  stm32f4xx_hal_uart.o [1]
  .text              ro code   0x800'b586     0x2  stm32f4xx_hal_uart.o [1]
  .text              ro code   0x800'b588     0x2  stm32f4xx_hal_uart.o [1]
  .text              ro code   0x800'b58c   0x45a  main.o [1]
  .text              ro code   0x800'b9e8    0x38  stm32f4xx_hal.o [1]
  .text              ro code   0x800'ba20   0x10c  lwip.o [1]
  .text              ro code   0x800'bb2c   0x170  mb.o [1]
  .text              ro code   0x800'bc9c    0x64  mbfuncother.o [1]
  .text              ro code   0x800'bd00   0x354  stm32f4xx_hal_rcc.o [1]
  .text              ro code   0x800'c054    0x26  init.o [1]
  .text              ro code   0x800'c07c   0x218  netif.o [1]
  .text              ro code   0x800'c294    0x78  mbtcp.o [1]
  .text              ro code   0x800'c30c    0x30  portevent.o [1]
  .text              ro code   0x800'c33c   0x438  porttcp.o [1]
  .text              ro code   0x800'c774   0x208  portother.o [1]
  .text              ro code   0x800'c97c    0x44  snprintf.o [2]
  .text              ro code   0x800'c9c0    0x20  vprintf.o [2]
  .text              ro code   0x800'c9e0   0x19e  mbfuncholding.o [1]
  .text              ro code   0x800'cb80    0x20  mbutils.o [1]
  .text              ro code   0x800'cba0   0x15a  mbfunccoils.o [1]
  .text              ro code   0x800'ccfa    0x84  mbfuncdisc.o [1]
  .rodata            const     0x800'cd80    0x6c  memp.o [1]
  .text              ro code   0x800'cdec    0x6c  mbfuncinput.o [1]
  .text              ro code   0x800'ce58    0x68  system_stm32f4xx.o [1]
  .text              ro code   0x800'cec0    0x38  stm32f4xx_it.o [1]
  .text              ro code   0x800'cef8    0x10  stm32f4xx_hal.o [1]
  .text              ro code   0x800'cf08    0x28  data_init.o [4]
  .text              ro code   0x800'cf30    0x22  fpinit_M.o [3]
  .iar.init_table    const     0x800'cf54    0x20  - Linker created -
  .rodata            const     0x800'cf74    0x20  portother.o [1]
  .text              ro code   0x800'cf94    0x1e  cmain.o [4]
  .text              ro code   0x800'cfb2     0x4  low_level_init.o [2]
  .text              ro code   0x800'cfb6     0x4  exit.o [2]
  .text              ro code   0x800'cfbc     0xa  cexit.o [4]
  .text              ro code   0x800'cfc6    0x16  xprout.o [2]
  .text              ro code   0x800'cfdc     0xc  putchar.o [2]
  .text              ro code   0x800'cfe8    0x10  startup_stm32f407xx.o [1]
  .text              ro code   0x800'cff8     0xc  cstartup_M.o [4]
  .rodata            const     0x800'd004     0x8  ethernet.o [1]
  .rodata            const     0x800'd00c     0x8  system_stm32f4xx.o [1]
  .rodata            const     0x800'd014     0x6  xlocale_c.o [2]
  .rodata            const     0x800'd01c     0x4  ip4_addr.o [1]
  .text              ro code   0x800'd020     0x4  startup_stm32f407xx.o [1]
  .text              ro code   0x800'd024     0x4  startup_stm32f407xx.o [1]
  .text              ro code   0x800'd028     0x4  startup_stm32f407xx.o [1]
  .text              ro code   0x800'd02c     0x4  startup_stm32f407xx.o [1]
  .text              ro code   0x800'd030     0x4  startup_stm32f407xx.o [1]
  .text              ro code   0x800'd034     0x4  startup_stm32f407xx.o [1]
  .text              ro code   0x800'd038     0x4  startup_stm32f407xx.o [1]
  .text              ro code   0x800'd03c     0x4  startup_stm32f407xx.o [1]
  .text              ro code   0x800'd040     0x4  startup_stm32f407xx.o [1]
  .text              ro code   0x800'd044     0x4  startup_stm32f407xx.o [1]
  .text              ro code   0x800'd048     0x4  startup_stm32f407xx.o [1]
  .text              ro code   0x800'd04c     0x4  startup_stm32f407xx.o [1]
  .text              ro code   0x800'd050     0x4  startup_stm32f407xx.o [1]
  .text              ro code   0x800'd054     0x4  startup_stm32f407xx.o [1]
  .text              ro code   0x800'd058     0x4  startup_stm32f407xx.o [1]
  .text              ro code   0x800'd05c     0x4  startup_stm32f407xx.o [1]
  .text              ro code   0x800'd060     0x4  startup_stm32f407xx.o [1]
  .text              ro code   0x800'd064     0x4  startup_stm32f407xx.o [1]
  .text              ro code   0x800'd068     0x4  startup_stm32f407xx.o [1]
  .text              ro code   0x800'd06c     0x4  startup_stm32f407xx.o [1]
  .text              ro code   0x800'd070     0x4  startup_stm32f407xx.o [1]
  .text              ro code   0x800'd074     0x4  startup_stm32f407xx.o [1]
  .text              ro code   0x800'd078     0x4  startup_stm32f407xx.o [1]
  .text              ro code   0x800'd07c     0x4  startup_stm32f407xx.o [1]
  .text              ro code   0x800'd080     0x4  startup_stm32f407xx.o [1]
  .text              ro code   0x800'd084     0x4  startup_stm32f407xx.o [1]
  .text              ro code   0x800'd088     0x4  startup_stm32f407xx.o [1]
  .text              ro code   0x800'd08c     0x4  startup_stm32f407xx.o [1]
  .text              ro code   0x800'd090     0x4  startup_stm32f407xx.o [1]
  .text              ro code   0x800'd094     0x4  startup_stm32f407xx.o [1]
  .text              ro code   0x800'd098     0x4  startup_stm32f407xx.o [1]
  .text              ro code   0x800'd09c     0x4  startup_stm32f407xx.o [1]
  .text              ro code   0x800'd0a0     0x4  startup_stm32f407xx.o [1]
  .text              ro code   0x800'd0a4     0x4  startup_stm32f407xx.o [1]
  .text              ro code   0x800'd0a8     0x4  startup_stm32f407xx.o [1]
  .text              ro code   0x800'd0ac     0x4  startup_stm32f407xx.o [1]
  .text              ro code   0x800'd0b0     0x4  startup_stm32f407xx.o [1]
  .text              ro code   0x800'd0b4     0x4  startup_stm32f407xx.o [1]
  .text              ro code   0x800'd0b8     0x4  startup_stm32f407xx.o [1]
  .text              ro code   0x800'd0bc     0x4  startup_stm32f407xx.o [1]
  .text              ro code   0x800'd0c0     0x4  startup_stm32f407xx.o [1]
  .text              ro code   0x800'd0c4     0x4  startup_stm32f407xx.o [1]
  .text              ro code   0x800'd0c8     0x4  startup_stm32f407xx.o [1]
  .text              ro code   0x800'd0cc     0x4  startup_stm32f407xx.o [1]
  .text              ro code   0x800'd0d0     0x4  startup_stm32f407xx.o [1]
  .text              ro code   0x800'd0d4     0x4  startup_stm32f407xx.o [1]
  .text              ro code   0x800'd0d8     0x4  startup_stm32f407xx.o [1]
  .text              ro code   0x800'd0dc     0x4  startup_stm32f407xx.o [1]
  .text              ro code   0x800'd0e0     0x4  startup_stm32f407xx.o [1]
  .text              ro code   0x800'd0e4     0x4  startup_stm32f407xx.o [1]
  .text              ro code   0x800'd0e8     0x4  startup_stm32f407xx.o [1]
  .text              ro code   0x800'd0ec     0x4  startup_stm32f407xx.o [1]
  .text              ro code   0x800'd0f0     0x4  startup_stm32f407xx.o [1]
  .text              ro code   0x800'd0f4     0x4  startup_stm32f407xx.o [1]
  .text              ro code   0x800'd0f8     0x4  startup_stm32f407xx.o [1]
  .text              ro code   0x800'd0fc     0x4  startup_stm32f407xx.o [1]
  .text              ro code   0x800'd100     0x4  startup_stm32f407xx.o [1]
  .text              ro code   0x800'd104     0x4  startup_stm32f407xx.o [1]
  .text              ro code   0x800'd108     0x4  startup_stm32f407xx.o [1]
  .text              ro code   0x800'd10c     0x4  startup_stm32f407xx.o [1]
  .text              ro code   0x800'd110     0x4  startup_stm32f407xx.o [1]
  .text              ro code   0x800'd114     0x4  startup_stm32f407xx.o [1]
  .text              ro code   0x800'd118     0x4  startup_stm32f407xx.o [1]
  .text              ro code   0x800'd11c     0x4  startup_stm32f407xx.o [1]
  .text              ro code   0x800'd120     0x4  startup_stm32f407xx.o [1]
  .text              ro code   0x800'd124     0x4  startup_stm32f407xx.o [1]
  .text              ro code   0x800'd128     0x4  startup_stm32f407xx.o [1]
  .text              ro code   0x800'd12c     0x4  startup_stm32f407xx.o [1]
  .text              ro code   0x800'd130     0x4  startup_stm32f407xx.o [1]
  .text              ro code   0x800'd134     0x4  startup_stm32f407xx.o [1]
  .text              ro code   0x800'd138     0x4  startup_stm32f407xx.o [1]
  .text              ro code   0x800'd13c     0x4  startup_stm32f407xx.o [1]
  .text              ro code   0x800'd140     0x4  startup_stm32f407xx.o [1]
  .text              ro code   0x800'd144     0x4  startup_stm32f407xx.o [1]
  .text              ro code   0x800'd148     0x4  startup_stm32f407xx.o [1]
  .text              ro code   0x800'd14c     0x4  startup_stm32f407xx.o [1]
  .text              ro code   0x800'd150     0x4  startup_stm32f407xx.o [1]
  .text              ro code   0x800'd154     0x4  startup_stm32f407xx.o [1]
  .text              ro code   0x800'd158     0x4  startup_stm32f407xx.o [1]
  .rodata            const     0x800'd15c     0x0  zero_init3.o [4]
  .rodata            const     0x800'd15c     0x0  lz77_init_single.o [4]
  Initializer bytes  const     0x800'd15c    0xc7  <for P2-1>
                             - 0x800'd223  0xd09b

"P2", part 1 of 3:                          0x1fe
  P2-1                        0x2000'0000   0x1fe  <Init block>
    .data            inited   0x2000'0000    0x50  main.o [1]
    .data            inited   0x2000'0050    0xa0  mb.o [1]
    .data            inited   0x2000'00f0    0x10  portother.o [1]
    .data            inited   0x2000'0100     0xc  stm32f4xx_hal.o [1]
    .data            inited   0x2000'010c     0x4  system_stm32f4xx.o [1]
    .data            inited   0x2000'0110    0x1c  tcp.o [1]
    .data            inited   0x2000'012c     0x8  udp.o [1]
    .data            inited   0x2000'0134    0x38  xlocale_c.o [2]
    .data            inited   0x2000'016c    0x48  xlocale_c.o [2]
    .data            inited   0x2000'01b4    0x48  xfiles.o [2]
    .data            inited   0x2000'01fc     0x2  tcp.o [1]
                            - 0x2000'01fe   0x1fe

"P2", part 2 of 3:                         0x6cc4
  .bss               zero     0x2000'0200  0x30e8  ethernetif.o [1]
  .bss               zero     0x2000'32e8  0x2604  memp.o [1]
  .bss               zero     0x2000'58ec   0x660  mem.o [1]
  .bss               zero     0x2000'5f4c   0x2fc  memp.o [1]
  .bss               zero     0x2000'6248   0x200  portother.o [1]
  .bss               zero     0x2000'6448   0x16c  memp.o [1]
  .bss               zero     0x2000'65b4   0x114  porttcp.o [1]
  .bss               zero     0x2000'66c8   0x104  main.o [1]
  .bss               zero     0x2000'67cc   0x104  memp.o [1]
  .bss               zero     0x2000'68d0   0x104  memp.o [1]
  .bss               zero     0x2000'69d4    0xf1  etharp.o [1]
  .bss               zero     0x2000'6ac5     0x2  portevent.o [1]
  .bss               zero     0x2000'6ac7     0x1  pbuf.o [1]
  .bss               zero     0x2000'6ac8    0xe4  memp.o [1]
  .bss               zero     0x2000'6bac    0xa4  memp.o [1]
  .bss               zero     0x2000'6c50    0x84  memp.o [1]
  .bss               zero     0x2000'6cd4    0x60  main.o [1]
  .bss               zero     0x2000'6d34    0x50  xfiles.o [2]
  .bss               zero     0x2000'6d84    0x48  lwip.o [1]
  .bss               zero     0x2000'6dcc    0x34  memp.o [1]
  .bss               zero     0x2000'6e00    0x34  tcp_in.o [1]
  .bss               zero     0x2000'6e34    0x22  mbfuncother.o [1]
  .bss               zero     0x2000'6e56     0x2  ip4.o [1]
  .bss               zero     0x2000'6e58    0x18  ip.o [1]
  .bss               zero     0x2000'6e70     0xc  netif.o [1]
  .bss               zero     0x2000'6e7c     0xc  timeouts.o [1]
  .bss               zero     0x2000'6e88     0x8  ip4_frag.o [1]
  .bss               zero     0x2000'6e90     0x8  main.o [1]
  .bss               zero     0x2000'6e98     0x4  memp.o [1]
  .bss               zero     0x2000'6e9c     0x4  memp.o [1]
  .bss               zero     0x2000'6ea0     0x4  memp.o [1]
  .bss               zero     0x2000'6ea4     0x4  memp.o [1]
  .bss               zero     0x2000'6ea8     0x4  memp.o [1]
  .bss               zero     0x2000'6eac     0x4  memp.o [1]
  .bss               zero     0x2000'6eb0     0x4  memp.o [1]
  .bss               zero     0x2000'6eb4     0x4  memp.o [1]
  .bss               zero     0x2000'6eb8     0x4  memp.o [1]
  .bss               zero     0x2000'6ebc     0x4  xfail_s.o [2]
  .bss               zero     0x2000'6ec0     0x1  tcp.o [1]
                            - 0x2000'6ec1  0x6cc1

"P2", part 3 of 3:                          0x400
  CSTACK                      0x2000'6ec8   0x400  <Block>
    CSTACK           uninit   0x2000'6ec8   0x400  <Block tail>
                            - 0x2000'72c8   0x400

Unused ranges:

         From           To      Size
         ----           --      ----
   0x800'd223   0x80f'ffff  0xf'2ddd
  0x2000'01fe  0x2000'01ff       0x2
  0x2000'6ec4  0x2000'6ec7       0x4
  0x2000'72c8  0x2001'ffff  0x1'8d38


*******************************************************************************
*** INIT TABLE
***

          Address      Size
          -------      ----
Zero (__iar_zero_init3)
    1 destination range, total size 0x6cc1:
          0x2000'0200  0x6cc1

Copy/lz77 (__iar_lz77_init_single3)
    1 source range, total size 0xc7 (39% of destination):
           0x800'd15c    0xc7
    1 destination range, total size 0x1fe:
          0x2000'0000   0x1fe



*******************************************************************************
*** MODULE SUMMARY
***

    Module                  ro code  ro data  rw data
    ------                  -------  -------  -------
command line/config:
    -------------------------------------------------
    Total:

C:\Users\Иван\Desktop\Проект МП-ИИ\MP-II_ver2.0\MP-II_ver2.0\EWARM\MP-II_ver2.0\Obj: [1]
    def.o                        38
    etharp.o                  2 732               241
    ethernet.o                  488        8
    ethernetif.o              1 072            12 520
    icmp.o                      864
    init.o                       38
    ip.o                                           24
    ip4.o                       984                 2
    ip4_addr.o                   50        4
    ip4_frag.o                2 376                 8
    lwip.o                      268                72
    main.o                    1 114       31      444
    mb.o                        368       62      160
    mbfunccoils.o               346
    mbfuncdisc.o                132
    mbfuncholding.o             414
    mbfuncinput.o               108
    mbfuncother.o               100                34
    mbtcp.o                     120
    mbutils.o                    32
    mem.o                     1 516             1 632
    memp.o                      600      108   11 992
    netif.o                     536                12
    pbuf.o                    3 124                 1
    portevent.o                  48                 2
    portother.o                 520       38      528
    porttcp.o                 1 080               276
    startup_stm32f407xx.o       724
    stm32f4xx_hal.o             200        5       12
    stm32f4xx_hal_cortex.o      218
    stm32f4xx_hal_dma.o         800
    stm32f4xx_hal_eth.o       2 344
    stm32f4xx_hal_gpio.o        480
    stm32f4xx_hal_msp.o         452
    stm32f4xx_hal_rcc.o       1 452
    stm32f4xx_hal_uart.o      1 510
    stm32f4xx_it.o               56
    system_stm32f4xx.o          104       10        4
    tcp.o                     5 024       12       31
    tcp_in.o                  6 216                52
    tcp_out.o                 5 308
    timeouts.o                  792                12
    udp.o                       556        3        8
    -------------------------------------------------
    Total:                   45 304      281   28 067

dl7M_tlf.a: [2]
    abort.o                       6
    exit.o                        4
    low_level_init.o              4
    printf.o                     40
    putchar.o                    12
    snprintf.o                   68
    vprintf.o                    32
    xencoding_8859_1.o           30
    xfail_s.o                    64                 4
    xfiles.o                              28      152
    xlocale_c.o                 120       56      128
    xmbcurmax.o                  10
    xprintffull.o             3 962
    xprout.o                     22
    xsnprout.o                   26
    -------------------------------------------------
    Total:                    4 400       84      284

m7M_tls.a: [3]
    DblAdd.o                    362
    DblCmpGe.o                   46
    DblCmpLe.o                   46
    DblDiv.o                    582
    DblMul.o                    418
    DblSub.o                    226
    DblToS32.o                   58
    DblToU32.o                   40
    S32ToDbl.o                   34
    U32ToDbl.o                   26
    fpinit_M.o                   34
    frexp.o                     112
    ldexp.o                     314
    -------------------------------------------------
    Total:                    2 298

rt7M_tl.a: [4]
    ABImemclr4.o                  6
    ABImemcpy.o                 166
    ABImemset48.o                50
    I64DivMod.o                 560
    I64DivZer.o                   2
    cexit.o                      10
    cmain.o                      30
    cstartup_M.o                 12
    data_init.o                  40
    lz77_init_single.o          122
    memchr.o                     88
    memcmp.o                    104
    strchr.o                     22
    strlen.o                     54
    zero_init3.o                 58
    -------------------------------------------------
    Total:                    1 324

shb_l.a: [5]
    exit.o                       20
    -------------------------------------------------
    Total:                       20

    Gaps                         46        6
    Linker created                        32    1 024
-----------------------------------------------------
    Grand Total:             53 392      403   29 375


*******************************************************************************
*** ENTRY LIST
***

Entry                       Address    Size  Type      Object
-----                       -------    ----  ----      ------
.iar.init_table$$Base    0x800'cf54           --   Gb  - Linker created -
.iar.init_table$$Limit   0x800'cf74           --   Gb  - Linker created -
?main                    0x800'cf95          Code  Gb  cmain.o [4]
AHBPrescTable            0x800'ceb0    0x10  Data  Gb  system_stm32f4xx.o [1]
APBPrescTable            0x800'd00c     0x8  Data  Gb  system_stm32f4xx.o [1]
BusFault_Handler         0x800'cec7     0x2  Code  Gb  stm32f4xx_it.o [1]
CSTACK$$Base            0x2000'6ec8           --   Gb  - Linker created -
CSTACK$$Limit           0x2000'72c8           --   Gb  - Linker created -
CacheMore                0x800'735d    0x24  Code  Lc  xlocale_c.o [2]
DMA1_Stream7_IRQHandler
                         0x800'cee3     0x6  Code  Gb  stm32f4xx_it.o [1]
DMARxDscrTab            0x2000'0248    0x80  Data  Gb  ethernetif.o [1]
DMATxDscrTab            0x2000'02c8    0x80  Data  Gb  ethernetif.o [1]
DMA_CalcBaseAndBitshift
                         0x800'b541    0x2c  Code  Lc  stm32f4xx_hal_dma.o [1]
DMA_CalcBaseAndBitshift::flagBitshiftOffset
                         0x800'b57c     0x8  Data  Lc  stm32f4xx_hal_dma.o [1]
DebugMon_Handler         0x800'cecd     0x2  Code  Gb  stm32f4xx_it.o [1]
ETH_FlushTransmitFIFO    0x800'97fb    0x44  Code  Lc  stm32f4xx_hal_eth.o [1]
ETH_MACDMAConfig         0x800'96ff    0xfc  Code  Lc  stm32f4xx_hal_eth.o [1]
GATEWAY_ADDRESS         0x2000'6dbc     0x4  Data  Gb  lwip.o [1]
HAL_DMA_Abort_IT         0x800'b367    0x24  Code  Gb  stm32f4xx_hal_dma.o [1]
HAL_DMA_IRQHandler       0x800'b38b   0x1b6  Code  Gb  stm32f4xx_hal_dma.o [1]
HAL_DMA_Init             0x800'b265   0x102  Code  Gb  stm32f4xx_hal_dma.o [1]
HAL_Delay                0x800'9c61    0x2c  Code  Wk  stm32f4xx_hal.o [1]
HAL_ETH_DMARxDescListInit
                         0x800'9401    0xba  Code  Gb  stm32f4xx_hal_eth.o [1]
HAL_ETH_DMATxDescListInit
                         0x800'9339    0xc8  Code  Gb  stm32f4xx_hal_eth.o [1]
HAL_ETH_GetReceivedFrame
                         0x800'95bd    0x84  Code  Gb  stm32f4xx_hal_eth.o [1]
HAL_ETH_Init             0x800'8f5d   0x3dc  Code  Gb  stm32f4xx_hal_eth.o [1]
HAL_ETH_MspInit          0x800'6f29    0xb0  Code  Gb  ethernetif.o [1]
HAL_ETH_Start            0x800'9641    0xbe  Code  Gb  stm32f4xx_hal_eth.o [1]
HAL_ETH_TransmitFrame    0x800'94bb   0x102  Code  Gb  stm32f4xx_hal_eth.o [1]
HAL_GPIO_Init            0x800'8d7d   0x1aa  Code  Gb  stm32f4xx_hal_gpio.o [1]
HAL_GPIO_WritePin        0x800'8f29     0x8  Code  Gb  stm32f4xx_hal_gpio.o [1]
HAL_GetTick              0x800'9885     0xc  Code  Wk  stm32f4xx_hal.o [1]
HAL_IncTick              0x800'cef9    0x10  Code  Wk  stm32f4xx_hal.o [1]
HAL_Init                 0x800'b9e9    0x34  Code  Gb  stm32f4xx_hal.o [1]
HAL_InitTick             0x800'9ca1    0x48  Code  Wk  stm32f4xx_hal.o [1]
HAL_MspInit              0x800'b0a1    0x92  Code  Gb  stm32f4xx_hal_msp.o [1]
HAL_NVIC_EnableIRQ       0x800'9d55    0x12  Code  Gb  stm32f4xx_hal_cortex.o [1]
HAL_NVIC_SetPriority     0x800'9d03    0x52  Code  Gb  stm32f4xx_hal_cortex.o [1]
HAL_NVIC_SetPriorityGrouping
                         0x800'9ce9    0x1a  Code  Gb  stm32f4xx_hal_cortex.o [1]
HAL_RCC_ClockConfig      0x800'9a09   0x11c  Code  Gb  stm32f4xx_hal_rcc.o [1]
HAL_RCC_GetHCLKFreq      0x800'9bb5     0x6  Code  Gb  stm32f4xx_hal_rcc.o [1]
HAL_RCC_GetPCLK1Freq     0x800'9bbb    0x14  Code  Gb  stm32f4xx_hal_rcc.o [1]
HAL_RCC_GetPCLK2Freq     0x800'9bcf    0x14  Code  Gb  stm32f4xx_hal_rcc.o [1]
HAL_RCC_MCOConfig        0x800'9b25    0x90  Code  Gb  stm32f4xx_hal_rcc.o [1]
HAL_RCC_OscConfig        0x800'bd01   0x354  Code  Wk  stm32f4xx_hal_rcc.o [1]
HAL_SYSTICK_CLKSourceConfig
                         0x800'9d89    0x1a  Code  Gb  stm32f4xx_hal_cortex.o [1]
HAL_SYSTICK_Config       0x800'9d67    0x22  Code  Gb  stm32f4xx_hal_cortex.o [1]
HAL_SYSTICK_IRQHandler   0x800'9dbd     0x4  Code  Gb  stm32f4xx_hal_cortex.o [1]
HAL_UART_IRQHandler      0x800'ac2b   0x164  Code  Gb  stm32f4xx_hal_uart.o [1]
HAL_UART_Init            0x800'aac1    0x60  Code  Gb  stm32f4xx_hal_uart.o [1]
HAL_UART_MspInit         0x800'b135    0xb2  Code  Gb  stm32f4xx_hal_msp.o [1]
HAL_UART_Transmit        0x800'ab21   0x10a  Code  Gb  stm32f4xx_hal_uart.o [1]
HardFault_Handler        0x800'cec3     0x2  Code  Gb  stm32f4xx_it.o [1]
IP_ADDRESS              0x2000'6db4     0x4  Data  Gb  lwip.o [1]
LoadInt                  0x800'5d77    0x7a  Code  Lc  xprintffull.o [2]
MX_GPIO_Init             0x800'b8b3   0x102  Code  Lc  main.o [1]
MX_LWIP_Init             0x800'ba21    0xea  Code  Gb  lwip.o [1]
MX_LWIP_Process          0x800'bb0b    0x14  Code  Gb  lwip.o [1]
MemManage_Handler        0x800'cec5     0x2  Code  Gb  stm32f4xx_it.o [1]
NETMASK_ADDRESS         0x2000'6db8     0x4  Data  Gb  lwip.o [1]
NMI_Handler              0x800'cec1     0x2  Code  Gb  stm32f4xx_it.o [1]
PendSV_Handler           0x800'cecf     0x2  Code  Gb  stm32f4xx_it.o [1]
Region$$Table$$Base      0x800'cf54           --   Gb  - Linker created -
Region$$Table$$Limit     0x800'cf74           --   Gb  - Linker created -
Rx_Buff                 0x2000'0348  0x17d0  Data  Gb  ethernetif.o [1]
SVC_Handler              0x800'cecb     0x2  Code  Gb  stm32f4xx_it.o [1]
SysTick_Handler          0x800'ced1    0x12  Code  Gb  stm32f4xx_it.o [1]
SystemClock_Config       0x800'b7fb    0xb8  Code  Gb  main.o [1]
SystemCoreClock         0x2000'010c     0x4  Data  Gb  system_stm32f4xx.o [1]
SystemInit               0x800'ce59    0x46  Code  Gb  system_stm32f4xx.o [1]
Tx_Buff                 0x2000'1b18  0x17d0  Data  Gb  ethernetif.o [1]
UART5_IRQHandler         0x800'cee9     0x6  Code  Gb  stm32f4xx_it.o [1]
UART_DMAAbortOnError     0x800'adad     0xc  Code  Lc  stm32f4xx_hal_uart.o [1]
UART_EndRxTransfer       0x800'ad8f    0x1c  Code  Lc  stm32f4xx_hal_uart.o [1]
UART_Receive_IT          0x800'adb9    0x90  Code  Lc  stm32f4xx_hal_uart.o [1]
UART_SetConfig           0x800'ae49   0x248  Code  Lc  stm32f4xx_hal_uart.o [1]
UsageFault_Handler       0x800'cec9     0x2  Code  Gb  stm32f4xx_it.o [1]
Vendor                  0x2000'0040    0x10  Data  Lc  main.o [1]
_Encoding_8859_1_Mbrlen
                         0x800'5ba9     0x2  Code  Gb  xencoding_8859_1.o [2]
_Encoding_8859_1_Wctomb
                         0x800'5b97    0x12  Code  Gb  xencoding_8859_1.o [2]
_Error_Handler           0x800'b9e5     0x2  Code  Gb  main.o [1]
_GenldFull               0x800'6809   0x274  Code  Lc  xprintffull.o [2]
_LdtobFull               0x800'63dd   0x400  Code  Lc  xprintffull.o [2]
_LitobFull               0x800'6285   0x112  Code  Lc  xprintffull.o [2]
_Locale_lconv           0x2000'0134    0x38  Data  Lc  xlocale_c.o [2]
_PrintfFull              0x800'5bb5   0x1aa  Code  Gb  xprintffull.o [2]
_Prout                   0x800'cfc7    0x16  Code  Gb  xprout.o [2]
_PutcharsFull            0x800'6a7d    0x2e  Code  Lc  xprintffull.o [2]
_PutfldFull              0x800'5df1   0x2d8  Code  Lc  xprintffull.o [2]
_PutstrFull              0x800'61bf    0xc6  Code  Lc  xprintffull.o [2]
_PuttxtFull              0x800'60c9    0xf6  Code  Lc  xprintffull.o [2]
_SNProut                 0x800'6b2f    0x1a  Code  Gb  xsnprout.o [2]
__aeabi_cdcmple          0x800'7909          Code  Gb  DblCmpLe.o [3]
__aeabi_cdrcmple         0x800'7939          Code  Gb  DblCmpGe.o [3]
__aeabi_d2iz             0x800'7aa5          Code  Gb  DblToS32.o [3]
__aeabi_d2uiz            0x800'7e31          Code  Gb  DblToU32.o [3]
__aeabi_ddiv             0x800'7be9          Code  Gb  DblDiv.o [3]
__aeabi_dmul             0x800'76f5          Code  Gb  DblMul.o [3]
__aeabi_dsub             0x800'7b05          Code  Gb  DblSub.o [3]
__aeabi_i2d              0x800'7ae1          Code  Gb  S32ToDbl.o [3]
__aeabi_ldiv0            0x800'9899          Code  Gb  I64DivZer.o [4]
__aeabi_memclr4          0x800'6b49          Code  Gb  ABImemclr4.o [4]
__aeabi_memcpy           0x800'5af1          Code  Gb  ABImemcpy.o [4]
__aeabi_memcpy4          0x800'5b11          Code  Gb  ABImemcpy.o [4]
__aeabi_memcpy8          0x800'5b11          Code  Gb  ABImemcpy.o [4]
__aeabi_ui2d             0x800'7e59          Code  Gb  U32ToDbl.o [3]
__aeabi_uldivmod         0x800'74c5          Code  Gb  I64DivMod.o [4]
__cmain                  0x800'cf95          Code  Gb  cmain.o [4]
__exit                   0x800'9c8d    0x14  Code  Gb  exit.o [5]
__iar_Fail_s             0x800'73e9    0x1c  Code  Gb  xfail_s.o [2]
__iar_Mbcurmax           0x800'74b9     0xa  Code  Gb  xmbcurmax.o [2]
__iar_Memchr             0x800'7461          Code  Gb  memchr.o [4]
__iar_Memset4_word       0x800'7e75          Code  Gb  ABImemset48.o [4]
__iar_Memset8_word       0x800'7e75          Code  Gb  ABImemset48.o [4]
__iar_Stdout            0x2000'01b4    0x48  Data  Gb  xfiles.o [2]
__iar_Strchr             0x800'73d1          Code  Gb  strchr.o [4]
__iar_dadd               0x800'7b15          Code  Gb  DblSub.o [3]
__iar_data_init3         0x800'cf09    0x28  Code  Gb  data_init.o [4]
__iar_dsub               0x800'989d          Code  Gb  DblAdd.o [3]
__iar_dsubStart          0x800'98af          Code  Gb  DblAdd.o [3]
__iar_frexp              0x800'78a5          Code  Gb  frexp.o [3]
__iar_frexpl             0x800'78a5          Code  Gb  frexp.o [3]
__iar_globLocale        0x2000'016c    0x48  Data  Lc  xlocale_c.o [2]
__iar_global_Locale      0x800'7359     0x4  Code  Gb  xlocale_c.o [2]
__iar_init_vfp           0x800'cf31          Code  Gb  fpinit_M.o [3]
__iar_ldexp64            0x800'7969          Code  Gb  ldexp.o [3]
__iar_lz77_init_single3
                         0x800'1a03    0x7a  Code  Gb  lz77_init_single.o [4]
__iar_program_start      0x800'cff9          Code  Gb  cstartup_M.o [4]
__iar_scalbln64          0x800'7969          Code  Gb  ldexp.o [3]
__iar_scalbn64           0x800'7969          Code  Gb  ldexp.o [3]
__iar_softfp___iar_frexp64
                         0x800'7899          Code  Gb  frexp.o [3]
__iar_softfp_frexp       0x800'7899          Code  Gb  frexp.o [3]
__iar_softfp_frexpl      0x800'7899          Code  Gb  frexp.o [3]
__iar_zero_init3         0x800'1aa3    0x3a  Code  Gb  zero_init3.o [4]
__low_level_init         0x800'cfb3     0x4  Code  Gb  low_level_init.o [2]
__vector_table           0x800'0000          Data  Gb  startup_stm32f407xx.o [1]
_call_main               0x800'cfa1          Code  Gb  cmain.o [4]
_exit                    0x800'cfbd          Code  Gb  cexit.o [4]
_gLocale_mblen           0x800'73bd     0x4  Code  Gb  xlocale_c.o [2]
_gLocale_mblenInt        0x800'7381    0x2c  Code  Gb  xlocale_c.o [2]
_gLocale_wctomb          0x800'73c1     0x4  Code  Gb  xlocale_c.o [2]
_gLocale_wctombInt       0x800'73b9     0x4  Code  Gb  xlocale_c.o [2]
_main                    0x800'cfaf          Code  Gb  cmain.o [4]
abort                    0x800'9891     0x6  Code  Gb  abort.o [2]
ackno                   0x2000'6e28     0x4  Data  Lc  tcp_in.o [1]
arp_table               0x2000'69d4    0xf0  Data  Lc  etharp.o [1]
aucTCPBuf               0x2000'65b4   0x108  Data  Lc  porttcp.o [1]
cyclic_timer             0x800'52c9    0x14  Code  Lc  timeouts.o [1]
do_memp_free_pool        0x800'5055    0x2e  Code  Lc  memp.o [1]
do_memp_malloc_pool      0x800'4ff5    0x2e  Code  Lc  memp.o [1]
eMBEnable                0x800'bb7d    0x28  Code  Gb  mb.o [1]
eMBFuncReadCoils         0x800'cba1    0x86  Code  Gb  mbfunccoils.o [1]
eMBFuncReadDiscreteInputs
                         0x800'ccfb    0x84  Code  Gb  mbfuncdisc.o [1]
eMBFuncReadHoldingRegister
                         0x800'ca6f    0x68  Code  Gb  mbfuncholding.o [1]
eMBFuncReadInputRegister
                         0x800'cded    0x6c  Code  Gb  mbfuncinput.o [1]
eMBFuncReadWriteMultipleHoldingRegister
                         0x800'cad7    0xa8  Code  Gb  mbfuncholding.o [1]
eMBFuncReportSlaveID     0x800'bcdf    0x1c  Code  Gb  mbfuncother.o [1]
eMBFuncWriteCoil         0x800'cc27    0x5c  Code  Gb  mbfunccoils.o [1]
eMBFuncWriteHoldingRegister
                         0x800'c9e1    0x3a  Code  Gb  mbfuncholding.o [1]
eMBFuncWriteMultipleCoils
                         0x800'cc83    0x78  Code  Gb  mbfunccoils.o [1]
eMBFuncWriteMultipleHoldingRegister
                         0x800'ca1b    0x54  Code  Gb  mbfuncholding.o [1]
eMBPoll                  0x800'bba5    0xe2  Code  Gb  mb.o [1]
eMBPoll::ucFunctionCode
                        0x2000'00d3     0x1  Data  Lc  mb.o [1]
eMBPoll::ucMBFrame      0x2000'00ec     0x4  Data  Lc  mb.o [1]
eMBPoll::ucRcvAddress   0x2000'00d2     0x1  Data  Lc  mb.o [1]
eMBPoll::usLength       0x2000'00d4     0x2  Data  Lc  mb.o [1]
eMBRegCoilsCB            0x800'b741     0x4  Code  Gb  main.o [1]
eMBRegDiscreteCB         0x800'b745     0x4  Code  Gb  main.o [1]
eMBRegHoldingCB          0x800'b605   0x13c  Code  Gb  main.o [1]
eMBRegInputCB            0x800'b58d    0x78  Code  Gb  main.o [1]
eMBSetSlaveID            0x800'bc9d    0x42  Code  Gb  mbfuncother.o [1]
eMBState                0x2000'00d1     0x1  Data  Lc  mb.o [1]
eMBTCPDoInit             0x800'c295    0x10  Code  Gb  mbtcp.o [1]
eMBTCPInit               0x800'bb2d    0x50  Code  Gb  mb.o [1]
eMBTCPReceive            0x800'c2ab    0x3a  Code  Gb  mbtcp.o [1]
eMBTCPSend               0x800'c2e5    0x28  Code  Gb  mbtcp.o [1]
eMBTCPStart              0x800'c2a5     0x2  Code  Gb  mbtcp.o [1]
eMBTCPStop               0x800'c2a7     0x4  Code  Gb  mbtcp.o [1]
eQueuedEvent            0x2000'6ac5     0x1  Data  Lc  portevent.o [1]
etharp_cached_entry     0x2000'6ac4     0x1  Data  Lc  etharp.o [1]
etharp_cleanup_netif     0x800'a063    0x3c  Code  Gb  etharp.o [1]
etharp_find_entry        0x800'9e5b   0x166  Code  Lc  etharp.o [1]
etharp_free_entry        0x800'9dc5    0x24  Code  Lc  etharp.o [1]
etharp_input             0x800'a09f    0xa4  Code  Gb  etharp.o [1]
etharp_output            0x800'a1c5   0x136  Code  Gb  etharp.o [1]
etharp_output_to_arp_index
                         0x800'a143    0x80  Code  Lc  etharp.o [1]
etharp_query             0x800'a2fd   0x13e  Code  Gb  etharp.o [1]
etharp_raw               0x800'a43d    0xd4  Code  Lc  etharp.o [1]
etharp_request           0x800'a5e3     0x4  Code  Gb  etharp.o [1]
etharp_request_dst       0x800'a511    0xd2  Code  Lc  etharp.o [1]
etharp_tmr               0x800'9de9    0x72  Code  Gb  etharp.o [1]
etharp_update_arp_entry
                         0x800'9fc1    0xa2  Code  Lc  etharp.o [1]
ethbroadcast             0x800'aa50     0x8  Data  Gb  ethernet.o [1]
ethernet_input           0x800'a871    0x98  Code  Gb  ethernet.o [1]
ethernet_output          0x800'a909    0x6c  Code  Gb  ethernet.o [1]
ethernetif_init          0x800'7269    0x38  Code  Gb  ethernetif.o [1]
ethernetif_input         0x800'7241    0x26  Code  Gb  ethernetif.o [1]
ethzero                  0x800'd004     0x8  Data  Gb  ethernet.o [1]
exit                     0x800'cfb7     0x4  Code  Gb  exit.o [2]
flags                   0x2000'6e10     0x1  Data  Lc  tcp_in.o [1]
fputc                    0x800'b749    0x16  Code  Gb  main.o [1]
gnetif                  0x2000'6d84    0x30  Data  Gb  lwip.o [1]
gw                      0x2000'6dc8     0x4  Data  Gb  lwip.o [1]
hdma_uart5_tx           0x2000'6cd4    0x60  Data  Gb  main.o [1]
heth                    0x2000'0200    0x48  Data  Gb  ethernetif.o [1]
huart5                  0x2000'0000    0x40  Data  Gb  main.o [1]
icmp_dest_unreach        0x800'8b3d    0x7e  Code  Gb  icmp.o [1]
icmp_input               0x800'8a1d   0x11a  Code  Gb  icmp.o [1]
icmp_time_exceeded       0x800'8bbd    0x7e  Code  Gb  icmp.o [1]
inseg                   0x2000'6e00    0x10  Data  Lc  tcp_in.o [1]
ip4_addr_isbroadcast_u32
                         0x800'19d1    0x32  Code  Gb  ip4_addr.o [1]
ip4_frag                 0x800'840d   0x1ae  Code  Gb  ip4_frag.o [1]
ip4_input                0x800'6ba9   0x188  Code  Gb  ip4.o [1]
ip4_output_if            0x800'6d31    0x28  Code  Gb  ip4.o [1]
ip4_output_if_src        0x800'6d59    0xda  Code  Gb  ip4.o [1]
ip4_reass                0x800'81e7   0x1e2  Code  Gb  ip4_frag.o [1]
ip4_route                0x800'6b51    0x58  Code  Gb  ip4.o [1]
ip_addr_any              0x800'd01c     0x4  Data  Gb  ip4_addr.o [1]
ip_data                 0x2000'6e58    0x18  Data  Gb  ip.o [1]
ip_id                   0x2000'6e56     0x2  Data  Lc  ip4.o [1]
ip_reass_chain_frag_into_datagram_and_validate
                         0x800'8079   0x16e  Code  Lc  ip4_frag.o [1]
ip_reass_dequeue_datagram
                         0x800'8039    0x40  Code  Lc  ip4_frag.o [1]
ip_reass_free_complete_datagram
                         0x800'7ed9    0xf2  Code  Lc  ip4_frag.o [1]
ip_reass_pbufcount      0x2000'6e88     0x2  Data  Lc  ip4_frag.o [1]
ip_reass_remove_oldest_datagram
                         0x800'7fcb    0x6e  Code  Lc  ip4_frag.o [1]
ip_reass_tmr             0x800'7ea9    0x30  Code  Gb  ip4_frag.o [1]
ipaddr                  0x2000'6dc0     0x4  Data  Gb  lwip.o [1]
ipfrag_free_pbuf_custom
                         0x800'83c9    0x42  Code  Lc  ip4_frag.o [1]
ldexp                    0x800'7969          Code  Gb  ldexp.o [3]
ldexpl                   0x800'7969          Code  Gb  ldexp.o [3]
lfree                   0x2000'58f4     0x4  Data  Lc  mem.o [1]
localeconv               0x800'73c5     0x4  Code  Gb  xlocale_c.o [2]
low_level_init           0x800'6fd9    0xc4  Code  Lc  ethernetif.o [1]
low_level_input          0x800'7141   0x100  Code  Lc  ethernetif.o [1]
low_level_output         0x800'709d    0xa4  Code  Lc  ethernetif.o [1]
lwip_cyclic_timers       0x800'54ec    0x18  Data  Gb  timeouts.o [1]
lwip_htonl               0x800'1a89    0x1a  Code  Gb  def.o [1]
lwip_htons               0x800'1a7d     0xc  Code  Gb  def.o [1]
lwip_init                0x800'c055    0x26  Code  Gb  init.o [1]
main                     0x800'b761    0x9a  Code  Gb  main.o [1]
mem_free                 0x800'55f5    0x84  Code  Gb  mem.o [1]
mem_init                 0x800'55c5    0x2e  Code  Gb  mem.o [1]
mem_malloc               0x800'5769   0x140  Code  Gb  mem.o [1]
mem_trim                 0x800'5679    0xf0  Code  Gb  mem.o [1]
memchr                   0x800'7461          Code  Gb  memchr.o [4]
memcmp                   0x800'aa59          Code  Gb  memcmp.o [4]
memp_FRAG_PBUF           0x800'cdbc     0xc  Data  Gb  memp.o [1]
memp_PBUF                0x800'cdd4     0xc  Data  Gb  memp.o [1]
memp_PBUF_POOL           0x800'cde0     0xc  Data  Gb  memp.o [1]
memp_REASSDATA           0x800'cdb0     0xc  Data  Gb  memp.o [1]
memp_SYS_TIMEOUT         0x800'cdc8     0xc  Data  Gb  memp.o [1]
memp_TCP_PCB             0x800'cd8c     0xc  Data  Gb  memp.o [1]
memp_TCP_PCB_LISTEN      0x800'cd98     0xc  Data  Gb  memp.o [1]
memp_TCP_SEG             0x800'cda4     0xc  Data  Gb  memp.o [1]
memp_UDP_PCB             0x800'cd80     0xc  Data  Gb  memp.o [1]
memp_free                0x800'5085    0x22  Code  Gb  memp.o [1]
memp_init                0x800'4f95    0x5e  Code  Gb  memp.o [1]
memp_malloc              0x800'5025    0x2e  Code  Gb  memp.o [1]
memp_memory_FRAG_PBUF_base
                        0x2000'6448   0x16c  Data  Gb  memp.o [1]
memp_memory_PBUF_POOL_base
                        0x2000'32e8  0x2604  Data  Gb  memp.o [1]
memp_memory_PBUF_base   0x2000'68d0   0x104  Data  Gb  memp.o [1]
memp_memory_REASSDATA_base
                        0x2000'6bac    0xa4  Data  Gb  memp.o [1]
memp_memory_SYS_TIMEOUT_base
                        0x2000'6dcc    0x34  Data  Gb  memp.o [1]
memp_memory_TCP_PCB_LISTEN_base
                        0x2000'6ac8    0xe4  Data  Gb  memp.o [1]
memp_memory_TCP_PCB_base
                        0x2000'5f4c   0x2fc  Data  Gb  memp.o [1]
memp_memory_TCP_SEG_base
                        0x2000'67cc   0x104  Data  Gb  memp.o [1]
memp_memory_UDP_PCB_base
                        0x2000'6c50    0x84  Data  Gb  memp.o [1]
memp_pools               0x800'51c8    0x24  Data  Gb  memp.o [1]
memp_tab_FRAG_PBUF      0x2000'6eac     0x4  Data  Lc  memp.o [1]
memp_tab_PBUF           0x2000'6eb4     0x4  Data  Lc  memp.o [1]
memp_tab_PBUF_POOL      0x2000'6eb8     0x4  Data  Lc  memp.o [1]
memp_tab_REASSDATA      0x2000'6ea8     0x4  Data  Lc  memp.o [1]
memp_tab_SYS_TIMEOUT    0x2000'6eb0     0x4  Data  Lc  memp.o [1]
memp_tab_TCP_PCB        0x2000'6e9c     0x4  Data  Lc  memp.o [1]
memp_tab_TCP_PCB_LISTEN
                        0x2000'6ea0     0x4  Data  Lc  memp.o [1]
memp_tab_TCP_SEG        0x2000'6ea4     0x4  Data  Lc  memp.o [1]
memp_tab_UDP_PCB        0x2000'6e98     0x4  Data  Lc  memp.o [1]
netif_add                0x800'c081    0x72  Code  Gb  netif.o [1]
netif_default           0x2000'6e78     0x4  Data  Gb  netif.o [1]
netif_init               0x800'c07d     0x2  Code  Gb  netif.o [1]
netif_list              0x2000'6e74     0x4  Data  Gb  netif.o [1]
netif_num               0x2000'6e70     0x1  Data  Lc  netif.o [1]
netif_set_addr           0x800'c0f3    0x4a  Code  Gb  netif.o [1]
netif_set_default        0x800'c187     0x6  Code  Gb  netif.o [1]
netif_set_down           0x800'c1bd    0x1a  Code  Gb  netif.o [1]
netif_set_ipaddr         0x800'c13d    0x4a  Code  Gb  netif.o [1]
netif_set_up             0x800'c199    0x24  Code  Gb  netif.o [1]
netmask                 0x2000'6dc4     0x4  Data  Gb  lwip.o [1]
next_timeout            0x2000'6e7c     0x4  Data  Lc  timeouts.o [1]
obuf                    0x2000'6d34    0x50  Data  Lc  xfiles.o [2]
pbuf_alloc               0x800'1b19   0x232  Code  Gb  pbuf.o [1]
pbuf_alloced_custom      0x800'1e21    0x6a  Code  Gb  pbuf.o [1]
pbuf_cat                 0x800'2143    0xa8  Code  Gb  pbuf.o [1]
pbuf_clen                0x800'20fb    0x26  Code  Gb  pbuf.o [1]
pbuf_copy                0x800'21eb   0x10e  Code  Gb  pbuf.o [1]
pbuf_copy_partial        0x800'22f9    0x8e  Code  Gb  pbuf.o [1]
pbuf_free                0x800'2029    0xd2  Code  Gb  pbuf.o [1]
pbuf_free_ooseq          0x800'1add    0x3c  Code  Gb  pbuf.o [1]
pbuf_free_ooseq_pending
                        0x2000'6ac7     0x1  Data  Gb  pbuf.o [1]
pbuf_header              0x800'2021     0x4  Code  Gb  pbuf.o [1]
pbuf_header_force        0x800'2025     0x4  Code  Gb  pbuf.o [1]
pbuf_header_impl         0x800'1f6d    0xb4  Code  Lc  pbuf.o [1]
pbuf_realloc             0x800'1e8b    0xe2  Code  Gb  pbuf.o [1]
pbuf_ref                 0x800'2121    0x22  Code  Gb  pbuf.o [1]
peMBFrameReceiveCur     0x2000'00e4     0x4  Data  Lc  mb.o [1]
peMBFrameSendCur        0x2000'00d8     0x4  Data  Lc  mb.o [1]
plug_holes               0x800'5505    0xc0  Code  Lc  mem.o [1]
printf                   0x800'2711    0x28  Code  Gb  printf.o [2]
prveMBError2Exception    0x800'cb81    0x20  Code  Gb  mbutils.o [1]
prvvMBPortReleaseClient
                         0x800'c395    0x4e  Code  Gb  porttcp.o [1]
prvvMBTCPLogFrame        0x800'c775    0xd4  Code  Gb  portother.o [1]
prvvMBTCPLogFrame::arcBuffer
                        0x2000'6248   0x200  Data  Lc  portother.o [1]
prvvMBTCPPortError       0x800'c499    0x1e  Code  Lc  porttcp.o [1]
prvxMBTCPPortAccept      0x800'c439    0x60  Code  Lc  porttcp.o [1]
prvxMBTCPPortReceive     0x800'c4b9    0x8a  Code  Lc  porttcp.o [1]
putchar                  0x800'cfdd     0xc  Code  Gb  putchar.o [2]
pvMBFrameCloseCur       0x2000'00e8     0x4  Data  Lc  mb.o [1]
pvMBFrameStartCur       0x2000'00dc     0x4  Data  Lc  mb.o [1]
pvMBFrameStopCur        0x2000'00e0     0x4  Data  Lc  mb.o [1]
pxPCBClient             0x2000'66c4     0x4  Data  Lc  porttcp.o [1]
pxPCBListen             0x2000'66c0     0x4  Data  Lc  porttcp.o [1]
ram                     0x2000'58ec     0x4  Data  Lc  mem.o [1]
ram_end                 0x2000'58f0     0x4  Data  Lc  mem.o [1]
ram_heap                0x2000'58f8   0x654  Data  Gb  mem.o [1]
reassdatagrams          0x2000'6e8c     0x4  Data  Lc  ip4_frag.o [1]
recv_acked              0x2000'6e16     0x2  Data  Lc  tcp_in.o [1]
recv_data               0x2000'6e2c     0x4  Data  Lc  tcp_in.o [1]
recv_flags              0x2000'6e11     0x1  Data  Lc  tcp_in.o [1]
scalbln                  0x800'7969          Code  Gb  ldexp.o [3]
scalblnl                 0x800'7969          Code  Gb  ldexp.o [3]
scalbn                   0x800'7969          Code  Gb  ldexp.o [3]
scalbnl                  0x800'7969          Code  Gb  ldexp.o [3]
scale                    0x800'6397    0x46  Code  Lc  xprintffull.o [2]
sec_hand                0x2000'6ebc     0x4  Data  Lc  xfail_s.o [2]
seqno                   0x2000'6e24     0x4  Data  Lc  tcp_in.o [1]
snprintf                 0x800'c97d    0x44  Code  Gb  snprintf.o [2]
strchr                   0x800'73d1          Code  Gb  strchr.o [4]
strlen                   0x800'7429          Code  Gb  strlen.o [4]
sys_check_timeouts       0x800'53a5    0x4c  Code  Gb  timeouts.o [1]
sys_now                  0x800'72c1     0x4  Code  Gb  ethernetif.o [1]
sys_timeout              0x800'530d    0x98  Code  Gb  timeouts.o [1]
sys_timeouts_init        0x800'52dd    0x30  Code  Gb  timeouts.o [1]
tcp_abandon              0x800'29ed   0x138  Code  Gb  tcp.o [1]
tcp_abort                0x800'2b59     0x4  Code  Gb  tcp.o [1]
tcp_accept               0x800'3633     0xc  Code  Gb  tcp.o [1]
tcp_accept_null          0x800'2c1d    0x14  Code  Lc  tcp.o [1]
tcp_active_pcbs         0x2000'0120     0x4  Data  Gb  tcp.o [1]
tcp_active_pcbs_changed
                        0x2000'0110     0x1  Data  Gb  tcp.o [1]
tcp_alloc                0x800'34c9   0x100  Code  Gb  tcp.o [1]
tcp_arg                  0x800'35d5     0x6  Code  Gb  tcp.o [1]
tcp_backoff              0x800'32c4    0x10  Data  Lc  tcp.o [1]
tcp_bind                 0x800'2b5d    0x98  Code  Gb  tcp.o [1]
tcp_bound_pcbs          0x2000'0118     0x4  Data  Gb  tcp.o [1]
tcp_close                0x800'29d9    0x12  Code  Gb  tcp.o [1]
tcp_close_shutdown       0x800'2761   0x1ba  Code  Lc  tcp.o [1]
tcp_close_shutdown_fin   0x800'2951    0x7a  Code  Lc  tcp.o [1]
tcp_create_segment       0x800'3b3d    0xb4  Code  Lc  tcp_out.o [1]
tcp_eff_send_mss_impl    0x800'3787    0x24  Code  Gb  tcp.o [1]
tcp_enqueue_flags        0x800'44d1   0x14a  Code  Gb  tcp_out.o [1]
tcp_err                  0x800'3607    0x2c  Code  Gb  tcp.o [1]
tcp_fasttmr              0x800'32d5    0x64  Code  Gb  tcp.o [1]
tcp_init                 0x800'2739     0x2  Code  Gb  tcp.o [1]
tcp_input                0x800'0189   0x496  Code  Gb  tcp_in.o [1]
tcp_input_pcb           0x2000'6e30     0x4  Data  Gb  tcp_in.o [1]
tcp_keepalive            0x800'4b79    0xaa  Code  Gb  tcp_out.o [1]
tcp_kill_state           0x800'346f    0x56  Code  Lc  tcp.o [1]
tcp_listen_input         0x800'077d    0xfc  Code  Lc  tcp_in.o [1]
tcp_listen_pcbs         0x2000'011c     0x4  Data  Gb  tcp.o [1]
tcp_listen_with_backlog
                         0x800'2c31    0xae  Code  Gb  tcp.o [1]
tcp_netif_ip_addr_changed
                         0x800'37cd    0x42  Code  Gb  tcp.o [1]
tcp_netif_ip_addr_changed_pcblist
                         0x800'37ab    0x22  Code  Lc  tcp.o [1]
tcp_new                  0x800'35d1     0x4  Code  Gb  tcp.o [1]
tcp_new_port             0x800'2e35    0x76  Code  Lc  tcp.o [1]
tcp_next_iss             0x800'377b     0xc  Code  Gb  tcp.o [1]
tcp_next_iss::iss       0x2000'0128     0x4  Data  Lc  tcp.o [1]
tcp_oos_insert_segment   0x800'0d45    0x6c  Code  Lc  tcp_in.o [1]
tcp_output               0x800'46e1   0x25c  Code  Gb  tcp_out.o [1]
tcp_output_segment       0x800'493d    0xa4  Code  Lc  tcp_out.o [1]
tcp_parseopt             0x800'168d   0x126  Code  Lc  tcp_in.o [1]
tcp_pbuf_prealloc        0x800'3c09    0x7a  Code  Lc  tcp_out.o [1]
tcp_pcb_lists            0x800'2eac    0x10  Data  Gb  tcp.o [1]
tcp_pcb_purge            0x800'363f    0x80  Code  Gb  tcp.o [1]
tcp_pcb_remove           0x800'36c1    0xba  Code  Gb  tcp.o [1]
tcp_persist_backoff      0x800'32bc     0x8  Data  Lc  tcp.o [1]
tcp_port                0x2000'01fc     0x2  Data  Lc  tcp.o [1]
tcp_process              0x800'0879   0x45e  Code  Lc  tcp_in.o [1]
tcp_process_refused_data
                         0x800'3341    0x94  Code  Gb  tcp.o [1]
tcp_receive              0x800'0dd5   0x8b8  Code  Lc  tcp_in.o [1]
tcp_recv                 0x800'35db    0x2c  Code  Gb  tcp.o [1]
tcp_recv_null            0x800'343b    0x34  Code  Gb  tcp.o [1]
tcp_recved               0x800'2d6d    0x7a  Code  Gb  tcp.o [1]
tcp_rexmit               0x800'4acf    0x56  Code  Gb  tcp_out.o [1]
tcp_rexmit_fast          0x800'4b25    0x54  Code  Gb  tcp_out.o [1]
tcp_rexmit_rto           0x800'4a89    0x46  Code  Gb  tcp_out.o [1]
tcp_rst                  0x800'49e9    0xa0  Code  Gb  tcp_out.o [1]
tcp_seg_copy             0x800'3413    0x28  Code  Gb  tcp.o [1]
tcp_seg_free             0x800'33f7    0x1c  Code  Gb  tcp.o [1]
tcp_segs_free            0x800'33d5    0x22  Code  Gb  tcp.o [1]
tcp_send_empty_ack       0x800'461b    0xc6  Code  Gb  tcp_out.o [1]
tcp_send_fin             0x800'3ad9    0x62  Code  Gb  tcp_out.o [1]
tcp_slowtmr              0x800'2ed5   0x3e8  Code  Gb  tcp.o [1]
tcp_ticks               0x2000'0114     0x4  Data  Gb  tcp.o [1]
tcp_timer               0x2000'6ec0     0x1  Data  Lc  tcp.o [1]
tcp_timer_ctr           0x2000'0111     0x1  Data  Lc  tcp.o [1]
tcp_timer_needed         0x800'521d    0xac  Code  Gb  timeouts.o [1]
tcp_tmr                  0x800'273b    0x24  Code  Gb  tcp.o [1]
tcp_trigger_input_pcb_close
                         0x800'17b3     0xc  Code  Gb  tcp_in.o [1]
tcp_tw_pcbs             0x2000'0124     0x4  Data  Gb  tcp.o [1]
tcp_update_rcv_ann_wnd   0x800'2d05    0x4c  Code  Gb  tcp.o [1]
tcp_write                0x800'3c99   0x61a  Code  Gb  tcp_out.o [1]
tcp_zero_window_probe    0x800'4c25   0x122  Code  Gb  tcp_out.o [1]
tcphdr                  0x2000'6e1c     0x4  Data  Lc  tcp_in.o [1]
tcphdr_opt1len          0x2000'6e14     0x2  Data  Lc  tcp_in.o [1]
tcphdr_opt2             0x2000'6e20     0x4  Data  Lc  tcp_in.o [1]
tcphdr_optlen           0x2000'6e12     0x2  Data  Lc  tcp_in.o [1]
tcpip_tcp_timer          0x800'51ed    0x2e  Code  Lc  timeouts.o [1]
tcpip_tcp_timer_active  0x2000'6e84     0x4  Data  Lc  timeouts.o [1]
tcplen                  0x2000'6e18     0x2  Data  Lc  tcp_in.o [1]
timeouts_last_time      0x2000'6e80     0x4  Data  Lc  timeouts.o [1]
ucMBAddress             0x2000'00d0     0x1  Data  Lc  mb.o [1]
ucMBSlaveID             0x2000'6e34    0x20  Data  Lc  mbfuncother.o [1]
udp_init                 0x800'87f1     0x2  Code  Gb  udp.o [1]
udp_input                0x800'87f3   0x134  Code  Gb  udp.o [1]
udp_netif_ip_addr_changed
                         0x800'8927    0x36  Code  Gb  udp.o [1]
udp_pcbs                0x2000'0130     0x4  Data  Gb  udp.o [1]
udp_port                0x2000'012c     0x2  Data  Lc  udp.o [1]
usMBSlaveIDLen          0x2000'6e54     0x2  Data  Lc  mbfuncother.o [1]
usRegHoldingBuf         0x2000'66c8   0x104  Data  Lc  main.o [1]
usRegInputBuf           0x2000'6e90     0x8  Data  Lc  main.o [1]
usTCPBufPos             0x2000'66bc     0x2  Data  Lc  porttcp.o [1]
uwTick                  0x2000'0104     0x4  Data  Gb  stm32f4xx_hal.o [1]
uwTickFreq              0x2000'0100     0x1  Data  Gb  stm32f4xx_hal.o [1]
uwTickPrio              0x2000'0108     0x4  Data  Gb  stm32f4xx_hal.o [1]
vMBPortLog               0x800'c849    0x26  Code  Gb  portother.o [1]
vMBPortLog::arszLevel2Str
                        0x2000'00f0    0x10  Data  Lc  portother.o [1]
vMBTCPPortDisable        0x800'c3e5    0x52  Code  Gb  porttcp.o [1]
vprintf                  0x800'c9c1    0x20  Code  Gb  vprintf.o [2]
xEventInQueue           0x2000'6ac6     0x1  Data  Lc  portevent.o [1]
xFuncHandlers           0x2000'0050    0x80  Data  Lc  mb.o [1]
xMBPortEventGet          0x800'c323    0x16  Code  Gb  portevent.o [1]
xMBPortEventInit         0x800'c30d     0xa  Code  Gb  portevent.o [1]
xMBPortEventPost         0x800'c317     0xc  Code  Gb  portevent.o [1]
xMBTCPPortGetRequest     0x800'c543    0x14  Code  Gb  porttcp.o [1]
xMBTCPPortInit           0x800'c33d    0x56  Code  Gb  porttcp.o [1]
xMBTCPPortSendResponse   0x800'c559    0x68  Code  Gb  porttcp.o [1]


[1] = C:\Users\Иван\Desktop\Проект МП-ИИ\MP-II_ver2.0\MP-II_ver2.0\EWARM\MP-II_ver2.0\Obj
[2] = dl7M_tlf.a
[3] = m7M_tls.a
[4] = rt7M_tl.a
[5] = shb_l.a

  53 392 bytes of readonly  code memory
     403 bytes of readonly  data memory
  29 375 bytes of readwrite data memory

Errors: none
Warnings: none
